Archive member included to satisfy reference by file (symbol)

/usr/lib/gcc/arm-none-eabi/10.3.1/thumb/v6-m/nofp/libgcc.a(_dvmd_tls.o)
                              CMakeFiles/wp-dlc.dir/home/rex/pico/pico-sdk/src/rp2_common/pico_divider/divider.S.obj (__aeabi_idiv0)
/usr/lib/gcc/arm-none-eabi/10.3.1/../../../arm-none-eabi/lib/thumb/v6-m/nofp/libc.a(lib_a-atexit.o)
                              /usr/lib/gcc/arm-none-eabi/10.3.1/../../../arm-none-eabi/lib/thumb/v6-m/nofp/crt0.o (atexit)
/usr/lib/gcc/arm-none-eabi/10.3.1/../../../arm-none-eabi/lib/thumb/v6-m/nofp/libc.a(lib_a-calloc.o)
                              CMakeFiles/wp-dlc.dir/home/rex/pico/pico-sdk/src/rp2_common/pico_malloc/pico_malloc.c.obj (calloc)
/usr/lib/gcc/arm-none-eabi/10.3.1/../../../arm-none-eabi/lib/thumb/v6-m/nofp/libc.a(lib_a-callocr.o)
                              /usr/lib/gcc/arm-none-eabi/10.3.1/../../../arm-none-eabi/lib/thumb/v6-m/nofp/libc.a(lib_a-calloc.o) (_calloc_r)
/usr/lib/gcc/arm-none-eabi/10.3.1/../../../arm-none-eabi/lib/thumb/v6-m/nofp/libc.a(lib_a-fini.o)
                              /usr/lib/gcc/arm-none-eabi/10.3.1/../../../arm-none-eabi/lib/thumb/v6-m/nofp/crt0.o (__libc_fini_array)
/usr/lib/gcc/arm-none-eabi/10.3.1/../../../arm-none-eabi/lib/thumb/v6-m/nofp/libc.a(lib_a-impure.o)
                              /usr/lib/gcc/arm-none-eabi/10.3.1/../../../arm-none-eabi/lib/thumb/v6-m/nofp/libc.a(lib_a-calloc.o) (_impure_ptr)
/usr/lib/gcc/arm-none-eabi/10.3.1/../../../arm-none-eabi/lib/thumb/v6-m/nofp/libc.a(lib_a-init.o)
                              /usr/lib/gcc/arm-none-eabi/10.3.1/../../../arm-none-eabi/lib/thumb/v6-m/nofp/crt0.o (__libc_init_array)
/usr/lib/gcc/arm-none-eabi/10.3.1/../../../arm-none-eabi/lib/thumb/v6-m/nofp/libc.a(lib_a-malloc.o)
                              CMakeFiles/wp-dlc.dir/home/rex/pico/pico-sdk/src/rp2_common/pico_malloc/pico_malloc.c.obj (malloc)
/usr/lib/gcc/arm-none-eabi/10.3.1/../../../arm-none-eabi/lib/thumb/v6-m/nofp/libc.a(lib_a-mallocr.o)
                              /usr/lib/gcc/arm-none-eabi/10.3.1/../../../arm-none-eabi/lib/thumb/v6-m/nofp/libc.a(lib_a-callocr.o) (_malloc_r)
/usr/lib/gcc/arm-none-eabi/10.3.1/../../../arm-none-eabi/lib/thumb/v6-m/nofp/libc.a(lib_a-mlock.o)
                              /usr/lib/gcc/arm-none-eabi/10.3.1/../../../arm-none-eabi/lib/thumb/v6-m/nofp/libc.a(lib_a-mallocr.o) (__malloc_lock)
/usr/lib/gcc/arm-none-eabi/10.3.1/../../../arm-none-eabi/lib/thumb/v6-m/nofp/libc.a(lib_a-realloc.o)
                              CMakeFiles/wp-dlc.dir/home/rex/pico/pico-sdk/src/rp2_common/pico_malloc/pico_malloc.c.obj (realloc)
/usr/lib/gcc/arm-none-eabi/10.3.1/../../../arm-none-eabi/lib/thumb/v6-m/nofp/libc.a(lib_a-reallocr.o)
                              /usr/lib/gcc/arm-none-eabi/10.3.1/../../../arm-none-eabi/lib/thumb/v6-m/nofp/libc.a(lib_a-realloc.o) (_realloc_r)
/usr/lib/gcc/arm-none-eabi/10.3.1/../../../arm-none-eabi/lib/thumb/v6-m/nofp/libc.a(lib_a-sbrkr.o)
                              /usr/lib/gcc/arm-none-eabi/10.3.1/../../../arm-none-eabi/lib/thumb/v6-m/nofp/libc.a(lib_a-mallocr.o) (_sbrk_r)
/usr/lib/gcc/arm-none-eabi/10.3.1/../../../arm-none-eabi/lib/thumb/v6-m/nofp/libc.a(lib_a-strlen-stub.o)
                              CMakeFiles/wp-dlc.dir/usb_descriptors.c.obj (strlen)
/usr/lib/gcc/arm-none-eabi/10.3.1/../../../arm-none-eabi/lib/thumb/v6-m/nofp/libc.a(lib_a-__atexit.o)
                              /usr/lib/gcc/arm-none-eabi/10.3.1/../../../arm-none-eabi/lib/thumb/v6-m/nofp/libc.a(lib_a-atexit.o) (__register_exitproc)
/usr/lib/gcc/arm-none-eabi/10.3.1/../../../arm-none-eabi/lib/thumb/v6-m/nofp/libc.a(lib_a-freer.o)
                              /usr/lib/gcc/arm-none-eabi/10.3.1/../../../arm-none-eabi/lib/thumb/v6-m/nofp/libc.a(lib_a-malloc.o) (_free_r)
/usr/lib/gcc/arm-none-eabi/10.3.1/../../../arm-none-eabi/lib/thumb/v6-m/nofp/libc.a(lib_a-memmove.o)
                              /usr/lib/gcc/arm-none-eabi/10.3.1/../../../arm-none-eabi/lib/thumb/v6-m/nofp/libc.a(lib_a-reallocr.o) (memmove)
/usr/lib/gcc/arm-none-eabi/10.3.1/../../../arm-none-eabi/lib/thumb/v6-m/nofp/libc.a(lib_a-reent.o)
                              /usr/lib/gcc/arm-none-eabi/10.3.1/../../../arm-none-eabi/lib/thumb/v6-m/nofp/libc.a(lib_a-sbrkr.o) (errno)

Discarded input sections

 .text          0x0000000000000000        0x0 /usr/lib/gcc/arm-none-eabi/10.3.1/thumb/v6-m/nofp/crti.o
 .data          0x0000000000000000        0x0 /usr/lib/gcc/arm-none-eabi/10.3.1/thumb/v6-m/nofp/crti.o
 .bss           0x0000000000000000        0x0 /usr/lib/gcc/arm-none-eabi/10.3.1/thumb/v6-m/nofp/crti.o
 .data          0x0000000000000000        0x4 /usr/lib/gcc/arm-none-eabi/10.3.1/thumb/v6-m/nofp/crtbegin.o
 .rodata        0x0000000000000000       0x24 /usr/lib/gcc/arm-none-eabi/10.3.1/thumb/v6-m/nofp/crtbegin.o
 .fini_array    0x0000000000000000        0x4 /usr/lib/gcc/arm-none-eabi/10.3.1/thumb/v6-m/nofp/crtbegin.o
[...]
Memory Configuration

Name             Origin             Length             Attributes
FLASH            0x0000000010000000 0x0000000000200000 xr
RAM              0x0000000020000000 0x0000000000040000 xrw
SCRATCH_X        0x0000000020040000 0x0000000000001000 xrw
SCRATCH_Y        0x0000000020041000 0x0000000000001000 xrw
*default*        0x0000000000000000 0xffffffffffffffff

Linker script and memory map

LOAD /usr/lib/gcc/arm-none-eabi/10.3.1/thumb/v6-m/nofp/crti.o
LOAD /usr/lib/gcc/arm-none-eabi/10.3.1/thumb/v6-m/nofp/crtbegin.o
LOAD /usr/lib/gcc/arm-none-eabi/10.3.1/../../../arm-none-eabi/lib/thumb/v6-m/nofp/crt0.o

.flash_begin    0x0000000010000000        0x0
                0x0000000010000000                __flash_binary_start = .

.boot2          0x0000000010000000      0x100
                0x0000000010000000                __boot2_start__ = .
 *(.boot2)
 .boot2         0x0000000010000000      0x100 /tmp/ccPaG1oS.o
                0x0000000010000100                __boot2_end__ = .
                0x0000000000000001                ASSERT (((__boot2_end__ - __boot2_start__) == 0x100), ERROR: Pico second stage bootloader must be 256 bytes in size)

.text           0x0000000010000100     0x5360
                0x0000000010000100                __logical_binary_start = .
 *(.vectors)
 .vectors       0x0000000010000100       0xd4 CMakeFiles/wp-dlc.dir/home/rex/pico/pico-sdk/src/rp2_common/pico_standard_link/crt0.S.obj
                0x0000000010000100                __vectors
                0x0000000010000100                __VECTOR_TABLE
                0x00000000100001c0                isr_invalid
                0x00000000100001c0                __default_isrs_start
                0x00000000100001c2                isr_nmi
                0x00000000100001c4                isr_hardfault
                0x00000000100001c6                isr_svcall
                0x00000000100001c8                isr_pendsv
                0x00000000100001ca                isr_systick
                0x00000000100001cc                isr_irq30
                0x00000000100001cc                __unhandled_user_irq
                0x00000000100001cc                isr_irq13
                0x00000000100001cc                isr_irq27
                0x00000000100001cc                isr_irq31
                0x00000000100001cc                isr_irq5
                0x00000000100001cc                isr_irq11
                0x00000000100001cc                isr_irq23
                0x00000000100001cc                isr_irq18
                0x00000000100001cc                isr_irq28
                0x00000000100001cc                isr_irq19
                0x00000000100001cc                isr_irq0
                0x00000000100001cc                isr_irq6
                0x00000000100001cc                isr_irq22
                0x00000000100001cc                isr_irq17
                0x00000000100001cc                isr_irq14
                0x00000000100001cc                isr_irq2
                0x00000000100001cc                isr_irq10
                0x00000000100001cc                isr_irq8
                0x00000000100001cc                isr_irq24
                0x00000000100001cc                isr_irq1
                0x00000000100001cc                isr_irq7
                0x00000000100001cc                isr_irq21
                0x00000000100001cc                isr_irq20
                0x00000000100001cc                isr_irq15
                0x00000000100001cc                isr_irq25
                0x00000000100001cc                isr_irq4
                0x00000000100001cc                isr_irq16
                0x00000000100001cc                isr_irq29
                0x00000000100001cc                isr_irq26
                0x00000000100001cc                __default_isrs_end
                0x00000000100001cc                isr_irq3
                0x00000000100001cc                isr_irq12
                0x00000000100001cc                isr_irq9
                0x00000000100001d2                unhandled_user_irq_num_in_r0
 *(.binary_info_header)
 .binary_info_header
                0x00000000100001d4       0x14 CMakeFiles/wp-dlc.dir/home/rex/pico/pico-sdk/src/rp2_common/pico_standard_link/crt0.S.obj
                0x00000000100001e8                __binary_info_header_end = .
 *(.reset)
 .reset         0x00000000100001e8       0xa0 CMakeFiles/wp-dlc.dir/home/rex/pico/pico-sdk/src/rp2_common/pico_standard_link/crt0.S.obj
                0x00000000100001e8                _entry_point
 .reset         0x0000000010000288       0x30 CMakeFiles/wp-dlc.dir/home/rex/pico/pico-sdk/src/rp2_common/pico_standard_link/binary_info.c.obj
 *(.init)
 .init          0x00000000100002b8        0x4 /usr/lib/gcc/arm-none-eabi/10.3.1/thumb/v6-m/nofp/crti.o
                0x00000000100002b8                _init
 *(EXCLUDE_FILE(*libm.a: *libc.a:*lib_a-mem*.o *libgcc.a:) .text*)
 .text          0x00000000100002bc       0x98 /usr/lib/gcc/arm-none-eabi/10.3.1/thumb/v6-m/nofp/crtbegin.o
 .text.core1_entry
                0x0000000010000354       0x28 CMakeFiles/wp-dlc.dir/wp-dlc.c.obj
                0x0000000010000354                core1_entry
 .text.lightingTimerCallback
                0x000000001000037c        0xc CMakeFiles/wp-dlc.dir/wp-dlc.c.obj
                0x000000001000037c                lightingTimerCallback
 .text.startup.main
                0x0000000010000388       0x4c CMakeFiles/wp-dlc.dir/wp-dlc.c.obj
                0x0000000010000388                main
 .text.tud_hid_get_report_cb
                0x00000000100003d4       0x1c CMakeFiles/wp-dlc.dir/wp-dlc.c.obj
                0x00000000100003d4                tud_hid_get_report_cb
 .text.tud_hid_set_report_cb
                0x00000000100003f0       0x30 CMakeFiles/wp-dlc.dir/wp-dlc.c.obj
                0x00000000100003f0                tud_hid_set_report_cb
 .text.tud_hid_report_complete_cb
                0x0000000010000420        0x4 CMakeFiles/wp-dlc.dir/wp-dlc.c.obj
                0x0000000010000420                tud_hid_report_complete_cb
 .text.tud_cdc_line_state_cb
                0x0000000010000424        0x4 CMakeFiles/wp-dlc.dir/wp-dlc.c.obj
                0x0000000010000424                tud_cdc_line_state_cb
 .text.tud_mount_cb
                0x0000000010000428        0x4 CMakeFiles/wp-dlc.dir/wp-dlc.c.obj
                0x0000000010000428                tud_mount_cb
 .text.tud_suspend_cb
                0x000000001000042c        0x4 CMakeFiles/wp-dlc.dir/wp-dlc.c.obj
                0x000000001000042c                tud_suspend_cb
 .text.tud_resume_cb
                0x0000000010000430        0x4 CMakeFiles/wp-dlc.dir/wp-dlc.c.obj
                0x0000000010000430                tud_resume_cb
 .text.tud_descriptor_device_cb
                0x0000000010000434        0x8 CMakeFiles/wp-dlc.dir/usb_descriptors.c.obj
                0x0000000010000434                tud_descriptor_device_cb
 .text.tud_hid_descriptor_report_cb
                0x000000001000043c        0x8 CMakeFiles/wp-dlc.dir/usb_descriptors.c.obj
                0x000000001000043c                tud_hid_descriptor_report_cb
 .text.tud_descriptor_configuration_cb
                0x0000000010000444        0x8 CMakeFiles/wp-dlc.dir/usb_descriptors.c.obj
                0x0000000010000444                tud_descriptor_configuration_cb
 .text.tud_descriptor_string_cb
                0x000000001000044c       0x80 CMakeFiles/wp-dlc.dir/usb_descriptors.c.obj
                0x000000001000044c                tud_descriptor_string_cb
 .text.initIOs  0x00000000100004cc       0x98 CMakeFiles/wp-dlc.dir/Lighting/Neopixel.c.obj
                0x00000000100004cc                initIOs
 .text.setLEDNums
                0x0000000010000564       0x8c CMakeFiles/wp-dlc.dir/Lighting/Neopixel.c.obj
                0x0000000010000564                setLEDNums
 .text.NeopixelInit
                0x00000000100005f0      0x140 CMakeFiles/wp-dlc.dir/Lighting/Neopixel.c.obj
                0x00000000100005f0                NeopixelInit
 .text.NeopixelSetEffect
                0x0000000010000730       0x4c CMakeFiles/wp-dlc.dir/Lighting/Neopixel.c.obj
                0x0000000010000730                NeopixelSetEffect
 .text.NeopixelSetColor
                0x000000001000077c       0x20 CMakeFiles/wp-dlc.dir/Lighting/Neopixel.c.obj
                0x000000001000077c                NeopixelSetColor
 .text.NeopixelSetColorRange
                0x000000001000079c       0x50 CMakeFiles/wp-dlc.dir/Lighting/Neopixel.c.obj
                0x000000001000079c                NeopixelSetColorRange
 .text.NeopixelUpdateEffect
                0x00000000100007ec       0xb0 CMakeFiles/wp-dlc.dir/Lighting/Neopixel.c.obj
                0x00000000100007ec                NeopixelUpdateEffect
 .text.GetLampArrayAttributesReport
                0x000000001000089c       0x28 CMakeFiles/wp-dlc.dir/Lighting/LampArray.c.obj
                0x000000001000089c                GetLampArrayAttributesReport
 .text.GetLampAttributesReport
                0x00000000100008c4       0x84 CMakeFiles/wp-dlc.dir/Lighting/LampArray.c.obj
                0x00000000100008c4                GetLampAttributesReport
 .text.SetLampAttributesId
                0x0000000010000948       0x14 CMakeFiles/wp-dlc.dir/Lighting/LampArray.c.obj
                0x0000000010000948                SetLampAttributesId
 .text.SetMultipleLamps
                0x000000001000095c       0x40 CMakeFiles/wp-dlc.dir/Lighting/LampArray.c.obj
                0x000000001000095c                SetMultipleLamps
 .text.SetLampRange
                0x000000001000099c       0x30 CMakeFiles/wp-dlc.dir/Lighting/LampArray.c.obj
                0x000000001000099c                SetLampRange
 .text.SetAutonomousMode
                0x00000000100009cc       0x18 CMakeFiles/wp-dlc.dir/Lighting/LampArray.c.obj
                0x00000000100009cc                SetAutonomousMode
 .text.gpio_set_function
                0x00000000100009e4       0x30 CMakeFiles/wp-dlc.dir/home/rex/pico/pico-sdk/src/rp2_common/hardware_gpio/gpio.c.obj
                0x00000000100009e4                gpio_set_function
 .text.gpio_set_pulls
                0x0000000010000a14       0x30 CMakeFiles/wp-dlc.dir/home/rex/pico/pico-sdk/src/rp2_common/hardware_gpio/gpio.c.obj
                0x0000000010000a14                gpio_set_pulls
 .text.gpio_init
                0x0000000010000a44       0x3c CMakeFiles/wp-dlc.dir/home/rex/pico/pico-sdk/src/rp2_common/hardware_gpio/gpio.c.obj
                0x0000000010000a44                gpio_init
 .text.running_on_fpga
                0x0000000010000a80       0x10 CMakeFiles/wp-dlc.dir/home/rex/pico/pico-sdk/src/rp2_common/pico_platform/platform.c.obj
                0x0000000010000a80                running_on_fpga
 .text.hw_claim_lock
                0x0000000010000a90       0x18 CMakeFiles/wp-dlc.dir/home/rex/pico/pico-sdk/src/rp2_common/hardware_claim/claim.c.obj
                0x0000000010000a90                hw_claim_lock
 .text.hw_claim_unlock
                0x0000000010000aa8       0x14 CMakeFiles/wp-dlc.dir/home/rex/pico/pico-sdk/src/rp2_common/hardware_claim/claim.c.obj
                0x0000000010000aa8                hw_claim_unlock
 .text.hw_claim_or_assert
                0x0000000010000abc       0x44 CMakeFiles/wp-dlc.dir/home/rex/pico/pico-sdk/src/rp2_common/hardware_claim/claim.c.obj
                0x0000000010000abc                hw_claim_or_assert
 .text.hw_claim_unused_from_range
                0x0000000010000b00       0x9c CMakeFiles/wp-dlc.dir/home/rex/pico/pico-sdk/src/rp2_common/hardware_claim/claim.c.obj
                0x0000000010000b00                hw_claim_unused_from_range
 .text.spin_locks_reset
                0x0000000010000b9c       0x1c CMakeFiles/wp-dlc.dir/home/rex/pico/pico-sdk/src/rp2_common/hardware_sync/sync.c.obj
                0x0000000010000b9c                spin_locks_reset
 .text.next_striped_spin_lock_num
                0x0000000010000bb8       0x18 CMakeFiles/wp-dlc.dir/home/rex/pico/pico-sdk/src/rp2_common/hardware_sync/sync.c.obj
                0x0000000010000bb8                next_striped_spin_lock_num
 .text.spin_lock_claim_unused
                0x0000000010000bd0       0x20 CMakeFiles/wp-dlc.dir/home/rex/pico/pico-sdk/src/rp2_common/hardware_sync/sync.c.obj
                0x0000000010000bd0                spin_lock_claim_unused
 .text.irq_set_enabled
                0x0000000010000bf0       0x24 CMakeFiles/wp-dlc.dir/home/rex/pico/pico-sdk/src/rp2_common/hardware_irq/irq.c.obj
                0x0000000010000bf0                irq_set_enabled
 .text.irq_is_enabled
                0x0000000010000c14       0x18 CMakeFiles/wp-dlc.dir/home/rex/pico/pico-sdk/src/rp2_common/hardware_irq/irq.c.obj
                0x0000000010000c14                irq_is_enabled
 .text.irq_get_vtable_handler
                0x0000000010000c2c       0x10 CMakeFiles/wp-dlc.dir/home/rex/pico/pico-sdk/src/rp2_common/hardware_irq/irq.c.obj
                0x0000000010000c2c                irq_get_vtable_handler
 .text.irq_set_exclusive_handler
                0x0000000010000c3c       0x54 CMakeFiles/wp-dlc.dir/home/rex/pico/pico-sdk/src/rp2_common/hardware_irq/irq.c.obj
                0x0000000010000c3c                irq_set_exclusive_handler
 .text.irq_add_shared_handler
                0x0000000010000c90      0x1e8 CMakeFiles/wp-dlc.dir/home/rex/pico/pico-sdk/src/rp2_common/hardware_irq/irq.c.obj
                0x0000000010000c90                irq_add_shared_handler
 .text.irq_remove_handler
                0x0000000010000e78      0x1b0 CMakeFiles/wp-dlc.dir/home/rex/pico/pico-sdk/src/rp2_common/hardware_irq/irq.c.obj
                0x0000000010000e78                irq_remove_handler
 .text.irq_add_tail_to_free_list
                0x0000000010001028       0xb4 CMakeFiles/wp-dlc.dir/home/rex/pico/pico-sdk/src/rp2_common/hardware_irq/irq.c.obj
                0x0000000010001028                irq_add_tail_to_free_list
 .text.irq_init_priorities
                0x00000000100010dc       0x24 CMakeFiles/wp-dlc.dir/home/rex/pico/pico-sdk/src/rp2_common/hardware_irq/irq.c.obj
                0x00000000100010dc                irq_init_priorities
 .text.lock_init
                0x0000000010001100       0x10 CMakeFiles/wp-dlc.dir/home/rex/pico/pico-sdk/src/common/pico_sync/lock_core.c.obj
                0x0000000010001100                lock_init
 .text.mutex_init
                0x0000000010001110       0x1c CMakeFiles/wp-dlc.dir/home/rex/pico/pico-sdk/src/common/pico_sync/mutex.c.obj
                0x0000000010001110                mutex_init
 .text.recursive_mutex_init
                0x000000001000112c       0x1c CMakeFiles/wp-dlc.dir/home/rex/pico/pico-sdk/src/common/pico_sync/mutex.c.obj
                0x000000001000112c                recursive_mutex_init
 .text.critical_section_init
                0x0000000010001148       0x20 CMakeFiles/wp-dlc.dir/home/rex/pico/pico-sdk/src/common/pico_sync/critical_section.c.obj
                0x0000000010001148                critical_section_init
 .text.timer_pool_entry_comparator
                0x0000000010001168       0x34 CMakeFiles/wp-dlc.dir/home/rex/pico/pico-sdk/src/common/pico_time/time.c.obj
                0x0000000010001168                timer_pool_entry_comparator
 .text.repeating_timer_callback
                0x000000001000119c       0x1c CMakeFiles/wp-dlc.dir/home/rex/pico/pico-sdk/src/common/pico_time/time.c.obj
 .text.sleep_until_callback
                0x00000000100011b8       0x30 CMakeFiles/wp-dlc.dir/home/rex/pico/pico-sdk/src/common/pico_time/time.c.obj
 .text.add_alarm_under_lock.isra.0
                0x00000000100011e8      0x100 CMakeFiles/wp-dlc.dir/home/rex/pico/pico-sdk/src/common/pico_time/time.c.obj
 .text.alarm_pool_alarm_callback
                0x00000000100012e8      0x1bc CMakeFiles/wp-dlc.dir/home/rex/pico/pico-sdk/src/common/pico_time/time.c.obj
 .text.alarm_pool_init_default
                0x00000000100014a4       0x6c CMakeFiles/wp-dlc.dir/home/rex/pico/pico-sdk/src/common/pico_time/time.c.obj
                0x00000000100014a4                alarm_pool_init_default
 .text.alarm_pool_get_default
                0x0000000010001510        0x8 CMakeFiles/wp-dlc.dir/home/rex/pico/pico-sdk/src/common/pico_time/time.c.obj
                0x0000000010001510                alarm_pool_get_default
 .text.alarm_pool_add_alarm_at
                0x0000000010001518      0x178 CMakeFiles/wp-dlc.dir/home/rex/pico/pico-sdk/src/common/pico_time/time.c.obj
                0x0000000010001518                alarm_pool_add_alarm_at
 .text.alarm_pool_core_num
                0x0000000010001690        0x4 CMakeFiles/wp-dlc.dir/home/rex/pico/pico-sdk/src/common/pico_time/time.c.obj
                0x0000000010001690                alarm_pool_core_num
 .text.alarm_pool_add_repeating_timer_us
                0x0000000010001694      0x208 CMakeFiles/wp-dlc.dir/home/rex/pico/pico-sdk/src/common/pico_time/time.c.obj
                0x0000000010001694                alarm_pool_add_repeating_timer_us
 .text.sleep_until
                0x000000001000189c       0xc4 CMakeFiles/wp-dlc.dir/home/rex/pico/pico-sdk/src/common/pico_time/time.c.obj
                0x000000001000189c                sleep_until
 .text.sleep_ms
                0x0000000010001960       0x34 CMakeFiles/wp-dlc.dir/home/rex/pico/pico-sdk/src/common/pico_time/time.c.obj
                0x0000000010001960                sleep_ms
 .text.best_effort_wfe_or_timeout
                0x0000000010001994       0xd4 CMakeFiles/wp-dlc.dir/home/rex/pico/pico-sdk/src/common/pico_time/time.c.obj
                0x0000000010001994                best_effort_wfe_or_timeout
 .text.hardware_alarm_irq_handler
                0x0000000010001a68       0xbc CMakeFiles/wp-dlc.dir/home/rex/pico/pico-sdk/src/rp2_common/hardware_timer/timer.c.obj
 .text.hardware_alarm_claim
                0x0000000010001b24       0x18 CMakeFiles/wp-dlc.dir/home/rex/pico/pico-sdk/src/rp2_common/hardware_timer/timer.c.obj
                0x0000000010001b24                hardware_alarm_claim
 .text.time_us_64
                0x0000000010001b3c       0x14 CMakeFiles/wp-dlc.dir/home/rex/pico/pico-sdk/src/rp2_common/hardware_timer/timer.c.obj
                0x0000000010001b3c                time_us_64
 .text.busy_wait_us
                0x0000000010001b50       0x54 CMakeFiles/wp-dlc.dir/home/rex/pico/pico-sdk/src/rp2_common/hardware_timer/timer.c.obj
                0x0000000010001b50                busy_wait_us
 .text.busy_wait_until
                0x0000000010001ba4       0x20 CMakeFiles/wp-dlc.dir/home/rex/pico/pico-sdk/src/rp2_common/hardware_timer/timer.c.obj
                0x0000000010001ba4                busy_wait_until
 .text.hardware_alarm_set_callback
                0x0000000010001bc4       0x8c CMakeFiles/wp-dlc.dir/home/rex/pico/pico-sdk/src/rp2_common/hardware_timer/timer.c.obj
                0x0000000010001bc4                hardware_alarm_set_callback
 .text.hardware_alarm_set_target
                0x0000000010001c50       0xd4 CMakeFiles/wp-dlc.dir/home/rex/pico/pico-sdk/src/rp2_common/hardware_timer/timer.c.obj
                0x0000000010001c50                hardware_alarm_set_target
 .text.hardware_alarm_cancel
                0x0000000010001d24       0x3c CMakeFiles/wp-dlc.dir/home/rex/pico/pico-sdk/src/rp2_common/hardware_timer/timer.c.obj
                0x0000000010001d24                hardware_alarm_cancel
 .text.ph_merge_nodes
                0x0000000010001d60       0x68 CMakeFiles/wp-dlc.dir/home/rex/pico/pico-sdk/src/common/pico_util/pheap.c.obj
 .text.ph_post_alloc_init
                0x0000000010001dc8       0x3c CMakeFiles/wp-dlc.dir/home/rex/pico/pico-sdk/src/common/pico_util/pheap.c.obj
                0x0000000010001dc8                ph_post_alloc_init
 .text.ph_merge_two_pass
                0x0000000010001e04       0x90 CMakeFiles/wp-dlc.dir/home/rex/pico/pico-sdk/src/common/pico_util/pheap.c.obj
                0x0000000010001e04                ph_merge_two_pass
 .text.ph_remove_any_head
                0x0000000010001e94      0x100 CMakeFiles/wp-dlc.dir/home/rex/pico/pico-sdk/src/common/pico_util/pheap.c.obj
 .text.ph_remove_head
                0x0000000010001f94      0x104 CMakeFiles/wp-dlc.dir/home/rex/pico/pico-sdk/src/common/pico_util/pheap.c.obj
                0x0000000010001f94                ph_remove_head
 .text.ph_remove_and_free_node
                0x0000000010002098       0x7c CMakeFiles/wp-dlc.dir/home/rex/pico/pico-sdk/src/common/pico_util/pheap.c.obj
                0x0000000010002098                ph_remove_and_free_node
 .text.uart_init
                0x0000000010002114      0x188 CMakeFiles/wp-dlc.dir/home/rex/pico/pico-sdk/src/rp2_common/hardware_uart/uart.c.obj
                0x0000000010002114                uart_init
 .text.clocks_init
                0x000000001000229c      0x2d0 CMakeFiles/wp-dlc.dir/home/rex/pico/pico-sdk/src/rp2_common/hardware_clocks/clocks.c.obj
                0x000000001000229c                clocks_init
 .text.clock_get_hz
                0x000000001000256c        0xc CMakeFiles/wp-dlc.dir/home/rex/pico/pico-sdk/src/rp2_common/hardware_clocks/clocks.c.obj
                0x000000001000256c                clock_get_hz
 .text.pll_init
                0x0000000010002578       0xa0 CMakeFiles/wp-dlc.dir/home/rex/pico/pico-sdk/src/rp2_common/hardware_pll/pll.c.obj
                0x0000000010002578                pll_init
 .text.watchdog_start_tick
                0x0000000010002618       0x10 CMakeFiles/wp-dlc.dir/home/rex/pico/pico-sdk/src/rp2_common/hardware_watchdog/watchdog.c.obj
                0x0000000010002618                watchdog_start_tick
 .text.xosc_init
                0x0000000010002628       0x28 CMakeFiles/wp-dlc.dir/home/rex/pico/pico-sdk/src/rp2_common/hardware_xosc/xosc.c.obj
                0x0000000010002628                xosc_init
 .text.runtime_init
                0x0000000010002650       0xf0 CMakeFiles/wp-dlc.dir/home/rex/pico/pico-sdk/src/rp2_common/pico_runtime/runtime.c.obj
                0x0000000010002650                runtime_init
 .text._exit    0x0000000010002740        0x4 CMakeFiles/wp-dlc.dir/home/rex/pico/pico-sdk/src/rp2_common/pico_runtime/runtime.c.obj
                0x0000000010002740                _exit
 .text.exit     0x0000000010002744        0x8 CMakeFiles/wp-dlc.dir/home/rex/pico/pico-sdk/src/rp2_common/pico_runtime/runtime.c.obj
                0x0000000010002744                exit
 .text.panic    0x000000001000274c       0x30 CMakeFiles/wp-dlc.dir/home/rex/pico/pico-sdk/src/rp2_common/pico_runtime/runtime.c.obj
                0x000000001000274c                panic
 .text.hard_assertion_failure
                0x000000001000277c        0xc CMakeFiles/wp-dlc.dir/home/rex/pico/pico-sdk/src/rp2_common/pico_runtime/runtime.c.obj
                0x000000001000277c                hard_assertion_failure
 .text._out_char
                0x0000000010002788       0x10 CMakeFiles/wp-dlc.dir/home/rex/pico/pico-sdk/src/rp2_common/pico_printf/printf.c.obj
 .text.weak_raw_vprintf
                0x0000000010002798       0x30 CMakeFiles/wp-dlc.dir/home/rex/pico/pico-sdk/src/rp2_common/pico_printf/printf.c.obj
                0x0000000010002798                weak_raw_vprintf
 .text          0x00000000100027c8       0x10 CMakeFiles/wp-dlc.dir/home/rex/pico/pico-sdk/src/rp2_common/pico_bit_ops/bit_ops_aeabi.S.obj
 .text.rom_func_lookup
                0x00000000100027d8       0x10 CMakeFiles/wp-dlc.dir/home/rex/pico/pico-sdk/src/rp2_common/pico_bootrom/bootrom.c.obj
                0x00000000100027d8                rom_func_lookup
 .text.rom_data_lookup
                0x00000000100027e8       0x10 CMakeFiles/wp-dlc.dir/home/rex/pico/pico-sdk/src/rp2_common/pico_bootrom/bootrom.c.obj
                0x00000000100027e8                rom_data_lookup
 .text.rom_funcs_lookup
                0x00000000100027f8       0x44 CMakeFiles/wp-dlc.dir/home/rex/pico/pico-sdk/src/rp2_common/pico_bootrom/bootrom.c.obj
                0x00000000100027f8                rom_funcs_lookup
 .text.__wrap___aeabi_uidiv
                0x000000001000283c       0x4c CMakeFiles/wp-dlc.dir/home/rex/pico/pico-sdk/src/rp2_common/pico_divider/divider.S.obj
                0x000000001000283c                __wrap___aeabi_uidiv
                0x000000001000283c                __wrap___aeabi_uidivmod
                0x000000001000283c                div_u32u32
                0x000000001000283c                divmod_u32u32
                0x0000000010002844                divmod_u32u32_unsafe
                0x000000001000286c                divmod_u32u32_savestate
 .text.__aeabi_double_init
                0x0000000010002888       0x94 CMakeFiles/wp-dlc.dir/home/rex/pico/pico-sdk/src/rp2_common/pico_double/double_init_rom.c.obj
                0x0000000010002888                __aeabi_double_init
 .text.double_table_shim_on_use_helper
                0x000000001000291c       0x2c CMakeFiles/wp-dlc.dir/home/rex/pico/pico-sdk/src/rp2_common/pico_double/double_v1_rom_shim.S.obj
                0x000000001000291c                double_table_shim_on_use_helper
 .text.__aeabi_lmul
                0x0000000010002948       0x32 CMakeFiles/wp-dlc.dir/home/rex/pico/pico-sdk/src/rp2_common/pico_int64_ops/pico_int64_ops_aeabi.S.obj
                0x0000000010002948                __wrap___aeabi_lmul
 *fill*         0x000000001000297a        0x2 
 .text.__wrap___aeabi_farithmetic
                0x000000001000297c       0x48 CMakeFiles/wp-dlc.dir/home/rex/pico/pico-sdk/src/rp2_common/pico_float/float_aeabi.S.obj
                0x000000001000297c                __wrap___aeabi_frsub
                0x0000000010002982                __wrap___aeabi_fsub
                0x0000000010002988                __wrap___aeabi_fadd
                0x000000001000298e                __wrap___aeabi_fdiv
                0x00000000100029b6                __wrap___aeabi_fmul
 .text.__wrap___aeabi_ui2f
                0x00000000100029c4        0xa CMakeFiles/wp-dlc.dir/home/rex/pico/pico-sdk/src/rp2_common/pico_float/float_aeabi.S.obj
                0x00000000100029c4                __wrap___aeabi_ui2f
 *fill*         0x00000000100029ce        0x2 
 .text.__wrap___aeabi_i2f
                0x00000000100029d0       0x44 CMakeFiles/wp-dlc.dir/home/rex/pico/pico-sdk/src/rp2_common/pico_float/float_aeabi.S.obj
                0x00000000100029d0                __wrap___aeabi_i2f
 .text.__wrap___aeabi_f2uiz
                0x0000000010002a14        0xc CMakeFiles/wp-dlc.dir/home/rex/pico/pico-sdk/src/rp2_common/pico_float/float_aeabi.S.obj
                0x0000000010002a14                __wrap___aeabi_f2uiz
 .text.__aeabi_float_init
                0x0000000010002a20       0x64 CMakeFiles/wp-dlc.dir/home/rex/pico/pico-sdk/src/rp2_common/pico_float/float_init_rom.c.obj
                0x0000000010002a20                __aeabi_float_init
 .text.float_table_shim_on_use_helper
                0x0000000010002a84       0x2c CMakeFiles/wp-dlc.dir/home/rex/pico/pico-sdk/src/rp2_common/pico_float/float_v1_rom_shim.S.obj
                0x0000000010002a84                float_table_shim_on_use_helper
 .text          0x0000000010002ab0       0x10 CMakeFiles/wp-dlc.dir/home/rex/pico/pico-sdk/src/rp2_common/pico_mem_ops/mem_ops_aeabi.S.obj
                0x0000000010002ab0                __aeabi_mem_init
 .text.memset   0x0000000010002ac0        0xc CMakeFiles/wp-dlc.dir/home/rex/pico/pico-sdk/src/rp2_common/pico_mem_ops/mem_ops_aeabi.S.obj
                0x0000000010002ac0                __wrap_memset
 .text.memcpy   0x0000000010002acc        0xc CMakeFiles/wp-dlc.dir/home/rex/pico/pico-sdk/src/rp2_common/pico_mem_ops/mem_ops_aeabi.S.obj
                0x0000000010002acc                __wrap___aeabi_memcpy
                0x0000000010002acc                __wrap_memcpy
 .text.stdio_out_chars_no_crlf
                0x0000000010002ad8       0x10 CMakeFiles/wp-dlc.dir/home/rex/pico/pico-sdk/src/rp2_common/pico_stdio/stdio.c.obj
 .text.stdio_out_chars_crlf
                0x0000000010002ae8       0xb4 CMakeFiles/wp-dlc.dir/home/rex/pico/pico-sdk/src/rp2_common/pico_stdio/stdio.c.obj
 .text.stdio_put_string.isra.0
                0x0000000010002b9c       0xfc CMakeFiles/wp-dlc.dir/home/rex/pico/pico-sdk/src/rp2_common/pico_stdio/stdio.c.obj
 .text.__wrap_putchar
                0x0000000010002c98       0x98 CMakeFiles/wp-dlc.dir/home/rex/pico/pico-sdk/src/rp2_common/pico_stdio/stdio.c.obj
                0x0000000010002c98                __wrap_putchar
 .text.__wrap_puts
                0x0000000010002d30       0x3c CMakeFiles/wp-dlc.dir/home/rex/pico/pico-sdk/src/rp2_common/pico_stdio/stdio.c.obj
                0x0000000010002d30                __wrap_puts
 .text.stdio_set_driver_enabled
                0x0000000010002d6c       0x30 CMakeFiles/wp-dlc.dir/home/rex/pico/pico-sdk/src/rp2_common/pico_stdio/stdio.c.obj
                0x0000000010002d6c                stdio_set_driver_enabled
 .text.stdio_init_all
                0x0000000010002d9c       0x10 CMakeFiles/wp-dlc.dir/home/rex/pico/pico-sdk/src/rp2_common/pico_stdio/stdio.c.obj
                0x0000000010002d9c                stdio_init_all
 .text.stdio_uart_out_chars
                0x0000000010002dac       0x4c CMakeFiles/wp-dlc.dir/home/rex/pico/pico-sdk/src/rp2_common/pico_stdio_uart/stdio_uart.c.obj
 .text.stdio_uart_in_chars
                0x0000000010002df8       0x84 CMakeFiles/wp-dlc.dir/home/rex/pico/pico-sdk/src/rp2_common/pico_stdio_uart/stdio_uart.c.obj
                0x0000000010002df8                stdio_uart_in_chars
 .text.on_uart_rx
                0x0000000010002e7c       0x28 CMakeFiles/wp-dlc.dir/home/rex/pico/pico-sdk/src/rp2_common/pico_stdio_uart/stdio_uart.c.obj
 .text.stdio_uart_set_chars_available_callback
                0x0000000010002ea4       0x8c CMakeFiles/wp-dlc.dir/home/rex/pico/pico-sdk/src/rp2_common/pico_stdio_uart/stdio_uart.c.obj
 .text.stdio_uart_init
                0x0000000010002f30       0x48 CMakeFiles/wp-dlc.dir/home/rex/pico/pico-sdk/src/rp2_common/pico_stdio_uart/stdio_uart.c.obj
                0x0000000010002f30                stdio_uart_init
 .text.stdio_usb_set_chars_available_callback
                0x0000000010002f78       0x14 CMakeFiles/wp-dlc.dir/home/rex/pico/pico-sdk/src/rp2_common/pico_stdio_usb/stdio_usb.c.obj
                0x0000000010002f78                stdio_usb_set_chars_available_callback
 .text.stdio_usb_in_chars
                0x0000000010002f8c       0x90 CMakeFiles/wp-dlc.dir/home/rex/pico/pico-sdk/src/rp2_common/pico_stdio_usb/stdio_usb.c.obj
                0x0000000010002f8c                stdio_usb_in_chars
 .text.stdio_usb_out_chars
                0x000000001000301c      0x100 CMakeFiles/wp-dlc.dir/home/rex/pico/pico-sdk/src/rp2_common/pico_stdio_usb/stdio_usb.c.obj
 .text.tud_cdc_rx_cb
                0x000000001000311c       0x20 CMakeFiles/wp-dlc.dir/home/rex/pico/pico-sdk/src/rp2_common/pico_stdio_usb/stdio_usb.c.obj
                0x000000001000311c                tud_cdc_rx_cb
 .text.stdio_usb_init
                0x000000001000313c       0x3c CMakeFiles/wp-dlc.dir/home/rex/pico/pico-sdk/src/rp2_common/pico_stdio_usb/stdio_usb.c.obj
                0x000000001000313c                stdio_usb_init
 .text.startup._retrieve_unique_id_on_boot
                0x0000000010003178       0x10 CMakeFiles/wp-dlc.dir/home/rex/pico/pico-sdk/src/rp2_common/pico_unique_id/unique_id.c.obj
 .text.flash_get_unique_id
                0x0000000010003188       0x40 CMakeFiles/wp-dlc.dir/home/rex/pico/pico-sdk/src/rp2_common/hardware_flash/flash.c.obj
                0x0000000010003188                flash_get_unique_id
 .text.dcd_int_enable
                0x00000000100031c8        0xc CMakeFiles/wp-dlc.dir/home/rex/pico/pico-sdk/lib/tinyusb/src/portable/raspberrypi/rp2040/dcd_rp2040.c.obj
                0x00000000100031c8                dcd_int_enable
 .text.dcd_set_address
                0x00000000100031d4       0x14 CMakeFiles/wp-dlc.dir/home/rex/pico/pico-sdk/lib/tinyusb/src/portable/raspberrypi/rp2040/dcd_rp2040.c.obj
                0x00000000100031d4                dcd_set_address
 .text.dcd_connect
                0x00000000100031e8       0x10 CMakeFiles/wp-dlc.dir/home/rex/pico/pico-sdk/lib/tinyusb/src/portable/raspberrypi/rp2040/dcd_rp2040.c.obj
                0x00000000100031e8                dcd_connect
 .text.dcd_init
                0x00000000100031f8       0x98 CMakeFiles/wp-dlc.dir/home/rex/pico/pico-sdk/lib/tinyusb/src/portable/raspberrypi/rp2040/dcd_rp2040.c.obj
                0x00000000100031f8                dcd_init
 .text.dcd_edpt0_status_complete
                0x0000000010003290       0x1c CMakeFiles/wp-dlc.dir/home/rex/pico/pico-sdk/lib/tinyusb/src/portable/raspberrypi/rp2040/dcd_rp2040.c.obj
                0x0000000010003290                dcd_edpt0_status_complete
 .text.dcd_edpt_open
                0x00000000100032ac      0x108 CMakeFiles/wp-dlc.dir/home/rex/pico/pico-sdk/lib/tinyusb/src/portable/raspberrypi/rp2040/dcd_rp2040.c.obj
                0x00000000100032ac                dcd_edpt_open
 .text.dcd_edpt_close_all
                0x00000000100033b4        0x8 CMakeFiles/wp-dlc.dir/home/rex/pico/pico-sdk/lib/tinyusb/src/portable/raspberrypi/rp2040/dcd_rp2040.c.obj
                0x00000000100033b4                dcd_edpt_close_all
 .text.dcd_edpt_xfer
                0x00000000100033bc       0x24 CMakeFiles/wp-dlc.dir/home/rex/pico/pico-sdk/lib/tinyusb/src/portable/raspberrypi/rp2040/dcd_rp2040.c.obj
                0x00000000100033bc                dcd_edpt_xfer
 .text.dcd_edpt_stall
                0x00000000100033e0       0x38 CMakeFiles/wp-dlc.dir/home/rex/pico/pico-sdk/lib/tinyusb/src/portable/raspberrypi/rp2040/dcd_rp2040.c.obj
                0x00000000100033e0                dcd_edpt_stall
 .text.dcd_edpt_clear_stall
                0x0000000010003418       0x30 CMakeFiles/wp-dlc.dir/home/rex/pico/pico-sdk/lib/tinyusb/src/portable/raspberrypi/rp2040/dcd_rp2040.c.obj
                0x0000000010003418                dcd_edpt_clear_stall
 .text.rp2040_usb_init
                0x0000000010003448       0x4c CMakeFiles/wp-dlc.dir/home/rex/pico/pico-sdk/lib/tinyusb/src/portable/raspberrypi/rp2040/rp2040_usb.c.obj
                0x0000000010003448                rp2040_usb_init
 .text.hw_endpoint_xfer_start
                0x0000000010003494       0x50 CMakeFiles/wp-dlc.dir/home/rex/pico/pico-sdk/lib/tinyusb/src/portable/raspberrypi/rp2040/rp2040_usb.c.obj
                0x0000000010003494                hw_endpoint_xfer_start
 .text.configuration_reset
                0x00000000100034e4       0xa4 CMakeFiles/wp-dlc.dir/home/rex/pico/pico-sdk/lib/tinyusb/src/device/usbd.c.obj
 .text.tud_mounted
                0x0000000010003588       0x10 CMakeFiles/wp-dlc.dir/home/rex/pico/pico-sdk/lib/tinyusb/src/device/usbd.c.obj
                0x0000000010003588                tud_mounted
 .text.tud_suspended
                0x0000000010003598       0x10 CMakeFiles/wp-dlc.dir/home/rex/pico/pico-sdk/lib/tinyusb/src/device/usbd.c.obj
                0x0000000010003598                tud_suspended
 .text.tud_inited
                0x00000000100035a8       0x14 CMakeFiles/wp-dlc.dir/home/rex/pico/pico-sdk/lib/tinyusb/src/device/usbd.c.obj
                0x00000000100035a8                tud_inited
 .text.tud_init
                0x00000000100035bc       0xf8 CMakeFiles/wp-dlc.dir/home/rex/pico/pico-sdk/lib/tinyusb/src/device/usbd.c.obj
                0x00000000100035bc                tud_init
 .text.tud_task_ext
                0x00000000100036b4      0x760 CMakeFiles/wp-dlc.dir/home/rex/pico/pico-sdk/lib/tinyusb/src/device/usbd.c.obj
                0x00000000100036b4                tud_task_ext
 .text.usbd_open_edpt_pair
                0x0000000010003e14       0x9c CMakeFiles/wp-dlc.dir/home/rex/pico/pico-sdk/lib/tinyusb/src/device/usbd.c.obj
                0x0000000010003e14                usbd_open_edpt_pair
 .text.usbd_defer_func
                0x0000000010003eb0       0x48 CMakeFiles/wp-dlc.dir/home/rex/pico/pico-sdk/lib/tinyusb/src/device/usbd.c.obj
                0x0000000010003eb0                usbd_defer_func
 .text.usbd_edpt_open
                0x0000000010003ef8       0x34 CMakeFiles/wp-dlc.dir/home/rex/pico/pico-sdk/lib/tinyusb/src/device/usbd.c.obj
                0x0000000010003ef8                usbd_edpt_open
 .text.usbd_edpt_claim
                0x0000000010003f2c       0x28 CMakeFiles/wp-dlc.dir/home/rex/pico/pico-sdk/lib/tinyusb/src/device/usbd.c.obj
                0x0000000010003f2c                usbd_edpt_claim
 .text.usbd_edpt_release
                0x0000000010003f54       0x28 CMakeFiles/wp-dlc.dir/home/rex/pico/pico-sdk/lib/tinyusb/src/device/usbd.c.obj
                0x0000000010003f54                usbd_edpt_release
 .text.usbd_edpt_xfer
                0x0000000010003f7c       0x4c CMakeFiles/wp-dlc.dir/home/rex/pico/pico-sdk/lib/tinyusb/src/device/usbd.c.obj
                0x0000000010003f7c                usbd_edpt_xfer
 .text.tud_control_status
                0x0000000010003fc8       0x30 CMakeFiles/wp-dlc.dir/home/rex/pico/pico-sdk/lib/tinyusb/src/device/usbd_control.c.obj
                0x0000000010003fc8                tud_control_status
 .text.tud_control_xfer
                0x0000000010003ff8       0xbc CMakeFiles/wp-dlc.dir/home/rex/pico/pico-sdk/lib/tinyusb/src/device/usbd_control.c.obj
                0x0000000010003ff8                tud_control_xfer
 .text.usbd_control_reset
                0x00000000100040b4       0x14 CMakeFiles/wp-dlc.dir/home/rex/pico/pico-sdk/lib/tinyusb/src/device/usbd_control.c.obj
                0x00000000100040b4                usbd_control_reset
 .text.usbd_control_set_complete_callback
                0x00000000100040c8        0xc CMakeFiles/wp-dlc.dir/home/rex/pico/pico-sdk/lib/tinyusb/src/device/usbd_control.c.obj
                0x00000000100040c8                usbd_control_set_complete_callback
 .text.usbd_control_set_request
                0x00000000100040d4       0x1c CMakeFiles/wp-dlc.dir/home/rex/pico/pico-sdk/lib/tinyusb/src/device/usbd_control.c.obj
                0x00000000100040d4                usbd_control_set_request
 .text.usbd_control_xfer_cb
                0x00000000100040f0       0xfc CMakeFiles/wp-dlc.dir/home/rex/pico/pico-sdk/lib/tinyusb/src/device/usbd_control.c.obj
                0x00000000100040f0                usbd_control_xfer_cb
 .text.tud_cdc_n_connected
                0x00000000100041ec       0x34 CMakeFiles/wp-dlc.dir/home/rex/pico/pico-sdk/lib/tinyusb/src/class/cdc/cdc_device.c.obj
                0x00000000100041ec                tud_cdc_n_connected
 .text.tud_cdc_n_available
                0x0000000010004220       0x20 CMakeFiles/wp-dlc.dir/home/rex/pico/pico-sdk/lib/tinyusb/src/class/cdc/cdc_device.c.obj
                0x0000000010004220                tud_cdc_n_available
 .text.tud_cdc_n_read
                0x0000000010004240       0x74 CMakeFiles/wp-dlc.dir/home/rex/pico/pico-sdk/lib/tinyusb/src/class/cdc/cdc_device.c.obj
                0x0000000010004240                tud_cdc_n_read
 .text.tud_cdc_n_write_flush
                0x00000000100042b4       0x78 CMakeFiles/wp-dlc.dir/home/rex/pico/pico-sdk/lib/tinyusb/src/class/cdc/cdc_device.c.obj
                0x00000000100042b4                tud_cdc_n_write_flush
 .text.tud_cdc_n_write
                0x000000001000432c       0x38 CMakeFiles/wp-dlc.dir/home/rex/pico/pico-sdk/lib/tinyusb/src/class/cdc/cdc_device.c.obj
                0x000000001000432c                tud_cdc_n_write
 .text.tud_cdc_n_write_available
                0x0000000010004364       0x20 CMakeFiles/wp-dlc.dir/home/rex/pico/pico-sdk/lib/tinyusb/src/class/cdc/cdc_device.c.obj
                0x0000000010004364                tud_cdc_n_write_available
 .text.cdcd_init
                0x0000000010004384       0x70 CMakeFiles/wp-dlc.dir/home/rex/pico/pico-sdk/lib/tinyusb/src/class/cdc/cdc_device.c.obj
                0x0000000010004384                cdcd_init
 .text.cdcd_reset
                0x00000000100043f4       0x2c CMakeFiles/wp-dlc.dir/home/rex/pico/pico-sdk/lib/tinyusb/src/class/cdc/cdc_device.c.obj
                0x00000000100043f4                cdcd_reset
 .text.cdcd_open
                0x0000000010004420       0xe4 CMakeFiles/wp-dlc.dir/home/rex/pico/pico-sdk/lib/tinyusb/src/class/cdc/cdc_device.c.obj
                0x0000000010004420                cdcd_open
 .text.cdcd_control_xfer_cb
                0x0000000010004504       0xe4 CMakeFiles/wp-dlc.dir/home/rex/pico/pico-sdk/lib/tinyusb/src/class/cdc/cdc_device.c.obj
                0x0000000010004504                cdcd_control_xfer_cb
 .text.cdcd_xfer_cb
                0x00000000100045e8      0x144 CMakeFiles/wp-dlc.dir/home/rex/pico/pico-sdk/lib/tinyusb/src/class/cdc/cdc_device.c.obj
                0x00000000100045e8                cdcd_xfer_cb
 .text.hidd_init
                0x000000001000472c       0x14 CMakeFiles/wp-dlc.dir/home/rex/pico/pico-sdk/lib/tinyusb/src/class/hid/hid_device.c.obj
                0x000000001000472c                hidd_init
 .text.hidd_reset
                0x0000000010004740       0x14 CMakeFiles/wp-dlc.dir/home/rex/pico/pico-sdk/lib/tinyusb/src/class/hid/hid_device.c.obj
                0x0000000010004740                hidd_reset
 .text.hidd_open
                0x0000000010004754       0x90 CMakeFiles/wp-dlc.dir/home/rex/pico/pico-sdk/lib/tinyusb/src/class/hid/hid_device.c.obj
                0x0000000010004754                hidd_open
 .text.hidd_control_xfer_cb
                0x00000000100047e4      0x1bc CMakeFiles/wp-dlc.dir/home/rex/pico/pico-sdk/lib/tinyusb/src/class/hid/hid_device.c.obj
                0x00000000100047e4                hidd_control_xfer_cb
 .text.hidd_xfer_cb
                0x00000000100049a0       0x68 CMakeFiles/wp-dlc.dir/home/rex/pico/pico-sdk/lib/tinyusb/src/class/hid/hid_device.c.obj
                0x00000000100049a0                hidd_xfer_cb
 .text.tusb_init
                0x0000000010004a08        0xc CMakeFiles/wp-dlc.dir/home/rex/pico/pico-sdk/lib/tinyusb/src/tusb.c.obj
                0x0000000010004a08                tusb_init
 .text.tusb_inited
                0x0000000010004a14        0x8 CMakeFiles/wp-dlc.dir/home/rex/pico/pico-sdk/lib/tinyusb/src/tusb.c.obj
                0x0000000010004a14                tusb_inited
 .text.tu_edpt_claim
                0x0000000010004a1c       0x50 CMakeFiles/wp-dlc.dir/home/rex/pico/pico-sdk/lib/tinyusb/src/tusb.c.obj
                0x0000000010004a1c                tu_edpt_claim
 .text.tu_edpt_release
                0x0000000010004a6c       0x38 CMakeFiles/wp-dlc.dir/home/rex/pico/pico-sdk/lib/tinyusb/src/tusb.c.obj
                0x0000000010004a6c                tu_edpt_release
 .text.tu_edpt_validate
                0x0000000010004aa4       0x78 CMakeFiles/wp-dlc.dir/home/rex/pico/pico-sdk/lib/tinyusb/src/tusb.c.obj
                0x0000000010004aa4                tu_edpt_validate
 .text.tu_edpt_bind_driver
                0x0000000010004b1c       0x34 CMakeFiles/wp-dlc.dir/home/rex/pico/pico-sdk/lib/tinyusb/src/tusb.c.obj
                0x0000000010004b1c                tu_edpt_bind_driver
 .text.tu_fifo_config
                0x0000000010004b50       0x70 CMakeFiles/wp-dlc.dir/home/rex/pico/pico-sdk/lib/tinyusb/src/common/tusb_fifo.c.obj
                0x0000000010004b50                tu_fifo_config
 .text.tu_fifo_count
                0x0000000010004bc0       0x2c CMakeFiles/wp-dlc.dir/home/rex/pico/pico-sdk/lib/tinyusb/src/common/tusb_fifo.c.obj
                0x0000000010004bc0                tu_fifo_count
 .text.tu_fifo_empty
                0x0000000010004bec       0x10 CMakeFiles/wp-dlc.dir/home/rex/pico/pico-sdk/lib/tinyusb/src/common/tusb_fifo.c.obj
                0x0000000010004bec                tu_fifo_empty
 .text.tu_fifo_remaining
                0x0000000010004bfc       0x2c CMakeFiles/wp-dlc.dir/home/rex/pico/pico-sdk/lib/tinyusb/src/common/tusb_fifo.c.obj
                0x0000000010004bfc                tu_fifo_remaining
 .text.tu_fifo_read
                0x0000000010004c28       0xa0 CMakeFiles/wp-dlc.dir/home/rex/pico/pico-sdk/lib/tinyusb/src/common/tusb_fifo.c.obj
                0x0000000010004c28                tu_fifo_read
 .text.tu_fifo_read_n
                0x0000000010004cc8       0xec CMakeFiles/wp-dlc.dir/home/rex/pico/pico-sdk/lib/tinyusb/src/common/tusb_fifo.c.obj
                0x0000000010004cc8                tu_fifo_read_n
 .text.tu_fifo_write
                0x0000000010004db4       0x88 CMakeFiles/wp-dlc.dir/home/rex/pico/pico-sdk/lib/tinyusb/src/common/tusb_fifo.c.obj
                0x0000000010004db4                tu_fifo_write
 .text.tu_fifo_write_n
                0x0000000010004e3c      0x168 CMakeFiles/wp-dlc.dir/home/rex/pico/pico-sdk/lib/tinyusb/src/common/tusb_fifo.c.obj
                0x0000000010004e3c                tu_fifo_write_n
 .text.tu_fifo_clear
                0x0000000010004fa4       0x40 CMakeFiles/wp-dlc.dir/home/rex/pico/pico-sdk/lib/tinyusb/src/common/tusb_fifo.c.obj
                0x0000000010004fa4                tu_fifo_clear
 .text.tu_fifo_set_overwritable
                0x0000000010004fe4       0x48 CMakeFiles/wp-dlc.dir/home/rex/pico/pico-sdk/lib/tinyusb/src/common/tusb_fifo.c.obj
                0x0000000010004fe4                tu_fifo_set_overwritable
 .text.core1_trampoline
                0x000000001000502c        0x4 CMakeFiles/wp-dlc.dir/home/rex/pico/pico-sdk/src/rp2_common/pico_multicore/multicore.c.obj
 .text.core1_wrapper
                0x0000000010005030        0xc CMakeFiles/wp-dlc.dir/home/rex/pico/pico-sdk/src/rp2_common/pico_multicore/multicore.c.obj
                0x0000000010005030                core1_wrapper
 .text.multicore_launch_core1_raw
                0x000000001000503c       0x84 CMakeFiles/wp-dlc.dir/home/rex/pico/pico-sdk/src/rp2_common/pico_multicore/multicore.c.obj
                0x000000001000503c                multicore_launch_core1_raw
 .text.multicore_launch_core1
                0x00000000100050c0       0x4c CMakeFiles/wp-dlc.dir/home/rex/pico/pico-sdk/src/rp2_common/pico_multicore/multicore.c.obj
                0x00000000100050c0                multicore_launch_core1
 .text.pio_claim_unused_sm
                0x000000001000510c       0x3c CMakeFiles/wp-dlc.dir/home/rex/pico/pico-sdk/src/rp2_common/hardware_pio/pio.c.obj
                0x000000001000510c                pio_claim_unused_sm
 .text.pio_add_program
                0x0000000010005148       0xc8 CMakeFiles/wp-dlc.dir/home/rex/pico/pico-sdk/src/rp2_common/hardware_pio/pio.c.obj
                0x0000000010005148                pio_add_program
 .text.pio_sm_set_consecutive_pindirs
                0x0000000010005210       0xb0 CMakeFiles/wp-dlc.dir/home/rex/pico/pico-sdk/src/rp2_common/hardware_pio/pio.c.obj
                0x0000000010005210                pio_sm_set_consecutive_pindirs
 .text.pio_sm_init
                0x00000000100052c0       0x8c CMakeFiles/wp-dlc.dir/home/rex/pico/pico-sdk/src/rp2_common/hardware_pio/pio.c.obj
                0x00000000100052c0                pio_sm_init
 .text          0x000000001000534c       0x5c /usr/lib/gcc/arm-none-eabi/10.3.1/../../../arm-none-eabi/lib/thumb/v6-m/nofp/libc.a(lib_a-strlen-stub.o)
                0x000000001000534c                strlen
 *(.fini)
 .fini          0x00000000100053a8        0x4 /usr/lib/gcc/arm-none-eabi/10.3.1/thumb/v6-m/nofp/crti.o
                0x00000000100053a8                _fini
 *fill*         0x00000000100053ac        0x4 
 .fini.__stub   0x00000000100053b0       0xb0 linker stubs
 *crtbegin.o(.ctors)
 *crtbegin?.o(.ctors)
 *(EXCLUDE_FILE(*crtend.o *crtend?.o) .ctors)
 *(SORT_BY_NAME(.ctors.*))
 *(.ctors)
 *crtbegin.o(.dtors)
 *crtbegin?.o(.dtors)
 *(EXCLUDE_FILE(*crtend.o *crtend?.o) .dtors)
 *(SORT_BY_NAME(.dtors.*))
 *(.dtors)
 *(.eh_frame*)
 .eh_frame      0x0000000010005460        0x0 /usr/lib/gcc/arm-none-eabi/10.3.1/thumb/v6-m/nofp/crtbegin.o
                0x0000000010005460                . = ALIGN (0x4)

.glue_7         0x0000000010005460        0x0
 .glue_7        0x0000000010005460        0x0 linker stubs

.glue_7t        0x0000000010005460        0x0
 .glue_7t       0x0000000010005460        0x0 linker stubs

.vfp11_veneer   0x0000000010005460        0x0
 .vfp11_veneer  0x0000000010005460        0x0 linker stubs

.v4_bx          0x0000000010005460        0x0
 .v4_bx         0x0000000010005460        0x0 linker stubs

.iplt           0x0000000010005460        0x0
 .iplt          0x0000000010005460        0x0 /usr/lib/gcc/arm-none-eabi/10.3.1/thumb/v6-m/nofp/crtbegin.o

.rodata         0x0000000010005460     0x35dc
 *(EXCLUDE_FILE(*libm.a: *libc.a:*lib_a-mem*.o *libgcc.a:) .rodata*)
 .rodata.str1.4
                0x0000000010005460       0x2e CMakeFiles/wp-dlc.dir/usb_descriptors.c.obj
 *fill*         0x000000001000548e        0x2 
 .rodata.__compound_literal.0
                0x0000000010005490        0x2 CMakeFiles/wp-dlc.dir/usb_descriptors.c.obj
 *fill*         0x0000000010005492        0x2 
 .rodata.desc_configuration
                0x0000000010005494       0x64 CMakeFiles/wp-dlc.dir/usb_descriptors.c.obj
                0x0000000010005494                desc_configuration
 .rodata.desc_device
                0x00000000100054f8       0x12 CMakeFiles/wp-dlc.dir/usb_descriptors.c.obj
                0x00000000100054f8                desc_device
 *fill*         0x000000001000550a        0x2 
 .rodata.desc_hid_report
                0x000000001000550c      0x147 CMakeFiles/wp-dlc.dir/usb_descriptors.c.obj
                0x000000001000550c                desc_hid_report
 *fill*         0x0000000010005653        0x1 
 .rodata._NeoPixelSineTable
                0x0000000010005654      0x100 CMakeFiles/wp-dlc.dir/Lighting/Neopixel.c.obj
 .rodata.ws2812_program
                0x0000000010005754        0x6 CMakeFiles/wp-dlc.dir/Lighting/Neopixel.c.obj
 *fill*         0x000000001000575a        0x2 
 .rodata.ws2812_program_instructions
                0x000000001000575c        0x8 CMakeFiles/wp-dlc.dir/Lighting/Neopixel.c.obj
 .rodata        0x0000000010005764       0x16 CMakeFiles/wp-dlc.dir/Lighting/LampArray.c.obj
 *fill*         0x000000001000577a        0x2 
 .rodata.LampPositions
                0x000000001000577c     0x3000 CMakeFiles/wp-dlc.dir/Lighting/LampArray.c.obj
 .rodata.spin_lock_claim_unused.str1.4
                0x000000001000877c       0x1b CMakeFiles/wp-dlc.dir/home/rex/pico/pico-sdk/src/rp2_common/hardware_sync/sync.c.obj
 *fill*         0x0000000010008797        0x1 
 .rodata.hardware_alarm_claim.str1.4
                0x0000000010008798       0x22 CMakeFiles/wp-dlc.dir/home/rex/pico/pico-sdk/src/rp2_common/hardware_timer/timer.c.obj
 *fill*         0x00000000100087ba        0x2 
 .rodata.panic.str1.4
                0x00000000100087bc       0x12 CMakeFiles/wp-dlc.dir/home/rex/pico/pico-sdk/src/rp2_common/pico_runtime/runtime.c.obj
 *fill*         0x00000000100087ce        0x2 
 .rodata.hard_assertion_failure.str1.4
                0x00000000100087d0        0xc CMakeFiles/wp-dlc.dir/home/rex/pico/pico-sdk/src/rp2_common/pico_runtime/runtime.c.obj
 .rodata.str1.4
                0x00000000100087dc       0x3c CMakeFiles/wp-dlc.dir/home/rex/pico/pico-sdk/src/rp2_common/pico_standard_link/binary_info.c.obj
 .rodata.__bi_44
                0x0000000010008818        0xc CMakeFiles/wp-dlc.dir/home/rex/pico/pico-sdk/src/rp2_common/pico_standard_link/binary_info.c.obj
 .rodata.__bi_75
                0x0000000010008824        0xc CMakeFiles/wp-dlc.dir/home/rex/pico/pico-sdk/src/rp2_common/pico_standard_link/binary_info.c.obj
 .rodata.__bi_81
                0x0000000010008830        0xc CMakeFiles/wp-dlc.dir/home/rex/pico/pico-sdk/src/rp2_common/pico_standard_link/binary_info.c.obj
 .rodata.crlf_str.0
                0x000000001000883c        0x2 CMakeFiles/wp-dlc.dir/home/rex/pico/pico-sdk/src/rp2_common/pico_stdio/stdio.c.obj
 *fill*         0x000000001000883e        0x2 
 .rodata.str1.4
                0x0000000010008840       0x2c CMakeFiles/wp-dlc.dir/home/rex/pico/pico-sdk/src/rp2_common/pico_stdio_uart/stdio_uart.c.obj
 .rodata.__bi_33.4
                0x000000001000886c        0xc CMakeFiles/wp-dlc.dir/home/rex/pico/pico-sdk/src/rp2_common/pico_stdio_uart/stdio_uart.c.obj
 .rodata.__bi_34.5
                0x0000000010008878        0x8 CMakeFiles/wp-dlc.dir/home/rex/pico/pico-sdk/src/rp2_common/pico_stdio_uart/stdio_uart.c.obj
 .rodata.str1.4
                0x0000000010008880       0x13 CMakeFiles/wp-dlc.dir/home/rex/pico/pico-sdk/src/rp2_common/pico_stdio_usb/stdio_usb.c.obj
 *fill*         0x0000000010008893        0x1 
 .rodata.__bi_182.0
                0x0000000010008894        0xc CMakeFiles/wp-dlc.dir/home/rex/pico/pico-sdk/src/rp2_common/pico_stdio_usb/stdio_usb.c.obj
 .rodata.str1.4
                0x00000000100088a0       0x14 CMakeFiles/wp-dlc.dir/home/rex/pico/pico-sdk/lib/tinyusb/src/portable/raspberrypi/rp2040/dcd_rp2040.c.obj
 .rodata.str1.4
                0x00000000100088b4       0x49 CMakeFiles/wp-dlc.dir/home/rex/pico/pico-sdk/lib/tinyusb/src/portable/raspberrypi/rp2040/rp2040_usb.c.obj
                                         0x53 (size before relaxing)
 *fill*         0x00000000100088fd        0x3 
 .rodata.tud_task_ext
                0x0000000010008900       0x8c CMakeFiles/wp-dlc.dir/home/rex/pico/pico-sdk/lib/tinyusb/src/device/usbd.c.obj
 .rodata._usbd_driver
                0x000000001000898c       0x30 CMakeFiles/wp-dlc.dir/home/rex/pico/pico-sdk/lib/tinyusb/src/device/usbd.c.obj
 .rodata.hidd_control_xfer_cb
                0x00000000100089bc       0x30 CMakeFiles/wp-dlc.dir/home/rex/pico/pico-sdk/lib/tinyusb/src/class/hid/hid_device.c.obj
 .rodata.pio_claim_unused_sm.str1.4
                0x00000000100089ec       0x24 CMakeFiles/wp-dlc.dir/home/rex/pico/pico-sdk/src/rp2_common/hardware_pio/pio.c.obj
 .rodata.pio_add_program.str1.4
                0x0000000010008a10       0x11 CMakeFiles/wp-dlc.dir/home/rex/pico/pico-sdk/src/rp2_common/hardware_pio/pio.c.obj
 *fill*         0x0000000010008a21        0x3 
 .rodata.str1.4
                0x0000000010008a24        0x4 CMakeFiles/wp-dlc.dir/home/rex/pico/pico-sdk/lib/tinyusb/hw/bsp/rp2040/family.c.obj
 .rodata.__bi_142.0
                0x0000000010008a28        0xc CMakeFiles/wp-dlc.dir/home/rex/pico/pico-sdk/lib/tinyusb/hw/bsp/rp2040/family.c.obj
 .rodata.__bi_152.1
                0x0000000010008a34        0x8 CMakeFiles/wp-dlc.dir/home/rex/pico/pico-sdk/lib/tinyusb/hw/bsp/rp2040/family.c.obj
                0x0000000010008a3c                . = ALIGN (0x4)
 *(SORT_BY_ALIGNMENT(SORT_BY_NAME(.flashdata*)))
                0x0000000010008a3c                . = ALIGN (0x4)

.ARM.extab
 *(.ARM.extab* .gnu.linkonce.armextab.*)
                0x0000000010008a3c                __exidx_start = .

.ARM.exidx
 *(.ARM.exidx* .gnu.linkonce.armexidx.*)
                0x0000000010008a3c                __exidx_end = .
                0x0000000010008a3c                . = ALIGN (0x4)
                0x0000000010008a3c                __binary_info_start = .

.binary_info    0x0000000010008a3c       0x30
 *(.binary_info.keep.*)
 .binary_info.keep.__bi_ptr22
                0x0000000010008a3c        0x4 CMakeFiles/wp-dlc.dir/home/rex/pico/pico-sdk/src/rp2_common/pico_standard_link/binary_info.c.obj
 .binary_info.keep.__bi_ptr30
                0x0000000010008a40        0x4 CMakeFiles/wp-dlc.dir/home/rex/pico/pico-sdk/src/rp2_common/pico_standard_link/binary_info.c.obj
 .binary_info.keep.__bi_ptr38
                0x0000000010008a44        0x4 CMakeFiles/wp-dlc.dir/home/rex/pico/pico-sdk/src/rp2_common/pico_standard_link/binary_info.c.obj
 .binary_info.keep.__bi_ptr44
                0x0000000010008a48        0x4 CMakeFiles/wp-dlc.dir/home/rex/pico/pico-sdk/src/rp2_common/pico_standard_link/binary_info.c.obj
 .binary_info.keep.__bi_ptr50
                0x0000000010008a4c        0x4 CMakeFiles/wp-dlc.dir/home/rex/pico/pico-sdk/src/rp2_common/pico_standard_link/binary_info.c.obj
 .binary_info.keep.__bi_ptr75
                0x0000000010008a50        0x4 CMakeFiles/wp-dlc.dir/home/rex/pico/pico-sdk/src/rp2_common/pico_standard_link/binary_info.c.obj
 .binary_info.keep.__bi_ptr81
                0x0000000010008a54        0x4 CMakeFiles/wp-dlc.dir/home/rex/pico/pico-sdk/src/rp2_common/pico_standard_link/binary_info.c.obj
 .binary_info.keep.__bi_ptr142
                0x0000000010008a58        0x4 CMakeFiles/wp-dlc.dir/home/rex/pico/pico-sdk/lib/tinyusb/hw/bsp/rp2040/family.c.obj
 .binary_info.keep.__bi_ptr152
                0x0000000010008a5c        0x4 CMakeFiles/wp-dlc.dir/home/rex/pico/pico-sdk/lib/tinyusb/hw/bsp/rp2040/family.c.obj
 *(.binary_info.*)
 .binary_info.__bi_ptr33
                0x0000000010008a60        0x4 CMakeFiles/wp-dlc.dir/home/rex/pico/pico-sdk/src/rp2_common/pico_stdio_uart/stdio_uart.c.obj
 .binary_info.__bi_ptr34
                0x0000000010008a64        0x4 CMakeFiles/wp-dlc.dir/home/rex/pico/pico-sdk/src/rp2_common/pico_stdio_uart/stdio_uart.c.obj
 .binary_info.__bi_ptr182
                0x0000000010008a68        0x4 CMakeFiles/wp-dlc.dir/home/rex/pico/pico-sdk/src/rp2_common/pico_stdio_usb/stdio_usb.c.obj
                0x0000000010008a6c                __binary_info_end = .

.rel.dyn        0x0000000010008a6c        0x0
 .rel.iplt      0x0000000010008a6c        0x0 /usr/lib/gcc/arm-none-eabi/10.3.1/thumb/v6-m/nofp/crtbegin.o
                0x0000000010008a6c                . = ALIGN (0x4)

.ram_vector_table
                0x0000000020000000       0xc0
 *(.ram_vector_table)
 .ram_vector_table
                0x0000000020000000       0xc0 CMakeFiles/wp-dlc.dir/home/rex/pico/pico-sdk/src/rp2_common/pico_runtime/runtime.c.obj
                0x0000000020000000                ram_vector_table

.data           0x00000000200000c0      0xe90 load address 0x0000000010008a6c
                0x00000000200000c0                __data_start__ = .
 *(vtable)
 *(.time_critical*)
 .time_critical.mutex_try_enter_block_until
                0x00000000200000c0       0x9c CMakeFiles/wp-dlc.dir/home/rex/pico/pico-sdk/src/common/pico_sync/mutex.c.obj
                0x00000000200000c0                mutex_try_enter_block_until
 .time_critical.mutex_enter_timeout_ms
                0x000000002000015c       0x90 CMakeFiles/wp-dlc.dir/home/rex/pico/pico-sdk/src/common/pico_sync/mutex.c.obj
                0x000000002000015c                mutex_enter_timeout_ms
 .time_critical.mutex_exit
                0x00000000200001ec       0x28 CMakeFiles/wp-dlc.dir/home/rex/pico/pico-sdk/src/common/pico_sync/mutex.c.obj
                0x00000000200001ec                mutex_exit
 .time_critical.flash_init_boot2_copyout
                0x0000000020000214       0x30 CMakeFiles/wp-dlc.dir/home/rex/pico/pico-sdk/src/rp2_common/hardware_flash/flash.c.obj
 .time_critical.flash_enable_xip_via_boot2
                0x0000000020000244       0x10 CMakeFiles/wp-dlc.dir/home/rex/pico/pico-sdk/src/rp2_common/hardware_flash/flash.c.obj
 .time_critical.flash_cs_force
                0x0000000020000254       0x38 CMakeFiles/wp-dlc.dir/home/rex/pico/pico-sdk/src/rp2_common/hardware_flash/flash.c.obj
 .time_critical.flash_do_cmd
                0x000000002000028c       0xc4 CMakeFiles/wp-dlc.dir/home/rex/pico/pico-sdk/src/rp2_common/hardware_flash/flash.c.obj
                0x000000002000028c                flash_do_cmd
 .time_critical.reset_non_control_endpoints
                0x0000000020000350       0xbc CMakeFiles/wp-dlc.dir/home/rex/pico/pico-sdk/lib/tinyusb/src/portable/raspberrypi/rp2040/dcd_rp2040.c.obj
 .time_critical.hw_handle_buff_status
                0x000000002000040c       0xa8 CMakeFiles/wp-dlc.dir/home/rex/pico/pico-sdk/lib/tinyusb/src/portable/raspberrypi/rp2040/dcd_rp2040.c.obj
 .time_critical.dcd_rp2040_irq
                0x00000000200004b4      0x4d8 CMakeFiles/wp-dlc.dir/home/rex/pico/pico-sdk/lib/tinyusb/src/portable/raspberrypi/rp2040/dcd_rp2040.c.obj
 .time_critical.e15_is_bulkin_ep
                0x000000002000098c       0x28 CMakeFiles/wp-dlc.dir/home/rex/pico/pico-sdk/lib/tinyusb/src/portable/raspberrypi/rp2040/rp2040_usb.c.obj
 .time_critical.e15_is_critical_frame_period
                0x00000000200009b4       0x34 CMakeFiles/wp-dlc.dir/home/rex/pico/pico-sdk/lib/tinyusb/src/portable/raspberrypi/rp2040/rp2040_usb.c.obj
 .time_critical.prepare_ep_buffer
                0x00000000200009e8       0x70 CMakeFiles/wp-dlc.dir/home/rex/pico/pico-sdk/lib/tinyusb/src/portable/raspberrypi/rp2040/rp2040_usb.c.obj
 .time_critical.sync_ep_buffer
                0x0000000020000a58       0x4c CMakeFiles/wp-dlc.dir/home/rex/pico/pico-sdk/lib/tinyusb/src/portable/raspberrypi/rp2040/rp2040_usb.c.obj
 .time_critical._hw_endpoint_xfer_sync
                0x0000000020000aa4       0x28 CMakeFiles/wp-dlc.dir/home/rex/pico/pico-sdk/lib/tinyusb/src/portable/raspberrypi/rp2040/rp2040_usb.c.obj
 .time_critical.hw_endpoint_reset_transfer
                0x0000000020000acc        0xc CMakeFiles/wp-dlc.dir/home/rex/pico/pico-sdk/lib/tinyusb/src/portable/raspberrypi/rp2040/rp2040_usb.c.obj
                0x0000000020000acc                hw_endpoint_reset_transfer
 .time_critical._hw_endpoint_buffer_control_update32
                0x0000000020000ad8       0x58 CMakeFiles/wp-dlc.dir/home/rex/pico/pico-sdk/lib/tinyusb/src/portable/raspberrypi/rp2040/rp2040_usb.c.obj
                0x0000000020000ad8                _hw_endpoint_buffer_control_update32
 .time_critical.hw_endpoint_start_next_buffer
                0x0000000020000b30       0x6c CMakeFiles/wp-dlc.dir/home/rex/pico/pico-sdk/lib/tinyusb/src/portable/raspberrypi/rp2040/rp2040_usb.c.obj
                0x0000000020000b30                hw_endpoint_start_next_buffer
 .time_critical.hw_endpoint_xfer_continue
                0x0000000020000b9c       0x50 CMakeFiles/wp-dlc.dir/home/rex/pico/pico-sdk/lib/tinyusb/src/portable/raspberrypi/rp2040/rp2040_usb.c.obj
                0x0000000020000b9c                hw_endpoint_xfer_continue
 .time_critical.tinyusb
                0x0000000020000bec      0x1bc CMakeFiles/wp-dlc.dir/home/rex/pico/pico-sdk/lib/tinyusb/src/device/usbd.c.obj
                0x0000000020000bec                dcd_event_handler
 *(.text*)
 .text          0x0000000020000da8        0x4 /usr/lib/gcc/arm-none-eabi/10.3.1/thumb/v6-m/nofp/libgcc.a(_dvmd_tls.o)
                0x0000000020000da8                __aeabi_ldiv0
                0x0000000020000da8                __aeabi_idiv0
 *fill*         0x0000000020000dac        0x4 
 .text.__stub   0x0000000020000db0       0x70 linker stubs
                0x0000000020000e20                . = ALIGN (0x4)
 *(.rodata*)
                0x0000000020000e20                . = ALIGN (0x4)
 *(.data*)
 .data.string_desc_arr
                0x0000000020000e20       0x14 CMakeFiles/wp-dlc.dir/usb_descriptors.c.obj
                0x0000000020000e20                string_desc_arr
 .data.striped_spin_lock_num
                0x0000000020000e34        0x1 CMakeFiles/wp-dlc.dir/home/rex/pico/pico-sdk/src/rp2_common/hardware_sync/sync.c.obj
 *fill*         0x0000000020000e35        0x3 
 .data          0x0000000020000e38       0x48 CMakeFiles/wp-dlc.dir/home/rex/pico/pico-sdk/src/rp2_common/hardware_irq/irq_handler_chain.S.obj
                0x0000000020000e38                irq_handler_chain_slots
                0x0000000020000e68                irq_handler_chain_first_slot
                0x0000000020000e72                irq_handler_chain_remove_tail
 .data.default_alarm_pool
                0x0000000020000e80       0x18 CMakeFiles/wp-dlc.dir/home/rex/pico/pico-sdk/src/common/pico_time/time.c.obj
 .data.default_alarm_pool_heap
                0x0000000020000e98       0x10 CMakeFiles/wp-dlc.dir/home/rex/pico/pico-sdk/src/common/pico_time/time.c.obj
 *fill*         0x0000000020000ea8        0x8 
 .data.aeabi_bits_funcs
                0x0000000020000eb0       0x10 CMakeFiles/wp-dlc.dir/home/rex/pico/pico-sdk/src/rp2_common/pico_bit_ops/bit_ops_aeabi.S.obj
                0x0000000020000eb0                aeabi_bits_funcs
                0x0000000020000ec0                aeabi_bits_funcs_end
 .data.aeabi_mem_funcs
                0x0000000020000ec0       0x10 CMakeFiles/wp-dlc.dir/home/rex/pico/pico-sdk/src/rp2_common/pico_mem_ops/mem_ops_aeabi.S.obj
                0x0000000020000ec0                aeabi_mem_funcs
                0x0000000020000ed0                aeabi_mem_funcs_end
 .data.stdio_uart
                0x0000000020000ed0       0x18 CMakeFiles/wp-dlc.dir/home/rex/pico/pico-sdk/src/rp2_common/pico_stdio_uart/stdio_uart.c.obj
                0x0000000020000ed0                stdio_uart
 .data.stdio_usb
                0x0000000020000ee8       0x18 CMakeFiles/wp-dlc.dir/home/rex/pico/pico-sdk/src/rp2_common/pico_stdio_usb/stdio_usb.c.obj
                0x0000000020000ee8                stdio_usb
 .data.ep_dir_string
                0x0000000020000f00        0x8 CMakeFiles/wp-dlc.dir/home/rex/pico/pico-sdk/lib/tinyusb/src/portable/raspberrypi/rp2040/rp2040_usb.c.obj
                0x0000000020000f00                ep_dir_string
 .data._usbd_qdef
                0x0000000020000f08       0x1c CMakeFiles/wp-dlc.dir/home/rex/pico/pico-sdk/lib/tinyusb/src/device/usbd.c.obj
                0x0000000020000f08                _usbd_qdef
 .data._usbd_rhport
                0x0000000020000f24        0x1 CMakeFiles/wp-dlc.dir/home/rex/pico/pico-sdk/lib/tinyusb/src/device/usbd.c.obj
                0x0000000020000f28                . = ALIGN (0x4)
 *fill*         0x0000000020000f25        0x3 
 *(.after_data.*)
                0x0000000020000f28                . = ALIGN (0x4)
                0x0000000020000f28                PROVIDE (__mutex_array_start = .)
 *(SORT_BY_NAME(.mutex_array.*))
 *(.mutex_array)
 .mutex_array   0x0000000020000f28        0x8 CMakeFiles/wp-dlc.dir/home/rex/pico/pico-sdk/src/rp2_common/pico_malloc/pico_malloc.c.obj
 .mutex_array   0x0000000020000f30        0x8 CMakeFiles/wp-dlc.dir/home/rex/pico/pico-sdk/src/rp2_common/pico_stdio/stdio.c.obj
                0x0000000020000f38                PROVIDE (__mutex_array_end = .)
                0x0000000020000f38                . = ALIGN (0x4)
                0x0000000020000f38                PROVIDE (__preinit_array_start = .)
 *(SORT_BY_NAME(.preinit_array.*))
 .preinit_array.00001
                0x0000000020000f38        0x4 CMakeFiles/wp-dlc.dir/home/rex/pico/pico-sdk/src/rp2_common/pico_mem_ops/mem_ops_aeabi.S.obj
 .preinit_array.00010
                0x0000000020000f3c        0x4 CMakeFiles/wp-dlc.dir/home/rex/pico/pico-sdk/src/rp2_common/pico_bit_ops/bit_ops_aeabi.S.obj
 .preinit_array.00020
                0x0000000020000f40        0x4 CMakeFiles/wp-dlc.dir/home/rex/pico/pico-sdk/src/rp2_common/pico_double/double_aeabi.S.obj
 .preinit_array.00020
                0x0000000020000f44        0x4 CMakeFiles/wp-dlc.dir/home/rex/pico/pico-sdk/src/rp2_common/pico_float/float_aeabi.S.obj
 *(.preinit_array)
                0x0000000020000f48                PROVIDE (__preinit_array_end = .)
                0x0000000020000f48                . = ALIGN (0x4)
                0x0000000020000f48                PROVIDE (__init_array_start = .)
 *(SORT_BY_NAME(.init_array.*))
 *(.init_array)
 .init_array    0x0000000020000f48        0x4 /usr/lib/gcc/arm-none-eabi/10.3.1/thumb/v6-m/nofp/crtbegin.o
 .init_array    0x0000000020000f4c        0x4 CMakeFiles/wp-dlc.dir/home/rex/pico/pico-sdk/src/rp2_common/pico_unique_id/unique_id.c.obj
                0x0000000020000f50                PROVIDE (__init_array_end = .)
                0x0000000020000f50                . = ALIGN (0x4)
                0x0000000020000f50                PROVIDE (__fini_array_start = .)
 *(SORT_BY_NAME(.fini_array.*))
 *(.fini_array)
                0x0000000020000f50                PROVIDE (__fini_array_end = .)
 *(.jcr)
                0x0000000020000f50                . = ALIGN (0x4)
                0x0000000020000f50                __data_end__ = .
                0x0000000010008a6c                __etext = LOADADDR (.data)

.tm_clone_table
                0x0000000020000f50        0x0 load address 0x00000000100098fc
 .tm_clone_table
                0x0000000020000f50        0x0 /usr/lib/gcc/arm-none-eabi/10.3.1/thumb/v6-m/nofp/crtbegin.o
 .tm_clone_table
                0x0000000020000f50        0x0 /usr/lib/gcc/arm-none-eabi/10.3.1/thumb/v6-m/nofp/crtend.o

.igot.plt       0x0000000020000f50        0x0 load address 0x00000000100098fc
 .igot.plt      0x0000000020000f50        0x0 /usr/lib/gcc/arm-none-eabi/10.3.1/thumb/v6-m/nofp/crtbegin.o

.uninitialized_data
                0x0000000020000f50        0x0 load address 0x00000000100098fc
                0x0000000020000f50                . = ALIGN (0x4)
 *(.uninitialized_data*)

.scratch_x      0x0000000020040000        0x0 load address 0x00000000100098fc
                0x0000000020040000                __scratch_x_start__ = .
 *(.scratch_x.*)
                0x0000000020040000                . = ALIGN (0x4)
                0x0000000020040000                __scratch_x_end__ = .
                0x00000000100098fc                __scratch_x_source__ = LOADADDR (.scratch_x)

.scratch_y      0x0000000020041000        0x0 load address 0x00000000100098fc
                0x0000000020041000                __scratch_y_start__ = .
 *(.scratch_y.*)
                0x0000000020041000                . = ALIGN (0x4)
                0x0000000020041000                __scratch_y_end__ = .
                0x00000000100098fc                __scratch_y_source__ = LOADADDR (.scratch_y)

.bss            0x0000000020000f50     0x1cbc
                0x0000000020000f50                . = ALIGN (0x4)
                0x0000000020000f50                __bss_start__ = .
 *(SORT_BY_ALIGNMENT(SORT_BY_NAME(.bss*)))
 .bss.default_alarm_pool_entries
                0x0000000020000f50      0x100 CMakeFiles/wp-dlc.dir/home/rex/pico/pico-sdk/src/common/pico_time/time.c.obj
 .bss.last_avail_time.1
                0x0000000020001050        0x8 CMakeFiles/wp-dlc.dir/home/rex/pico/pico-sdk/src/rp2_common/pico_stdio_usb/stdio_usb.c.obj
 .bss.sd_table  0x0000000020001058      0x100 CMakeFiles/wp-dlc.dir/home/rex/pico/pico-sdk/src/rp2_common/pico_double/double_init_rom.c.obj
                0x0000000020001058                sd_table
 .bss.sf_table  0x0000000020001158      0x100 CMakeFiles/wp-dlc.dir/home/rex/pico/pico-sdk/src/rp2_common/pico_float/float_init_rom.c.obj
                0x0000000020001158                sf_table
 .bss           0x0000000020001258       0x1c /usr/lib/gcc/arm-none-eabi/10.3.1/thumb/v6-m/nofp/crtbegin.o
 .bss.Controller
                0x0000000020001274     0x1010 CMakeFiles/wp-dlc.dir/Lighting/Neopixel.c.obj
 .bss.LEDnum    0x0000000020002284        0x4 CMakeFiles/wp-dlc.dir/Lighting/Neopixel.c.obj
                0x0000000020002284                LEDnum
 .bss._app_driver
                0x0000000020002288        0x4 CMakeFiles/wp-dlc.dir/home/rex/pico/pico-sdk/lib/tinyusb/src/device/usbd.c.obj
 .bss._cdcd_itf
                0x000000002000228c      0x148 CMakeFiles/wp-dlc.dir/home/rex/pico/pico-sdk/lib/tinyusb/src/class/cdc/cdc_device.c.obj
 .bss._ctrl_xfer
                0x00000000200023d4       0x14 CMakeFiles/wp-dlc.dir/home/rex/pico/pico-sdk/lib/tinyusb/src/device/usbd_control.c.obj
 .bss._desc_str
                0x00000000200023e8       0x40 CMakeFiles/wp-dlc.dir/usb_descriptors.c.obj
 .bss._hidd_itf
                0x0000000020002428       0x8c CMakeFiles/wp-dlc.dir/home/rex/pico/pico-sdk/lib/tinyusb/src/class/hid/hid_device.c.obj
 .bss._ubsd_mutexdef
                0x00000000200024b4        0x8 CMakeFiles/wp-dlc.dir/home/rex/pico/pico-sdk/lib/tinyusb/src/device/usbd.c.obj
 .bss._usbd_ctrl_buf
                0x00000000200024bc       0x40 CMakeFiles/wp-dlc.dir/home/rex/pico/pico-sdk/lib/tinyusb/src/device/usbd_control.c.obj
 .bss._usbd_dev
                0x00000000200024fc       0x53 CMakeFiles/wp-dlc.dir/home/rex/pico/pico-sdk/lib/tinyusb/src/device/usbd.c.obj
 *fill*         0x000000002000254f        0x1 
 .bss._usbd_mutex
                0x0000000020002550        0x4 CMakeFiles/wp-dlc.dir/home/rex/pico/pico-sdk/lib/tinyusb/src/device/usbd.c.obj
 .bss._usbd_q   0x0000000020002554        0x4 CMakeFiles/wp-dlc.dir/home/rex/pico/pico-sdk/lib/tinyusb/src/device/usbd.c.obj
 .bss._usbd_qdef_buf
                0x0000000020002558       0xc0 CMakeFiles/wp-dlc.dir/home/rex/pico/pico-sdk/lib/tinyusb/src/device/usbd.c.obj
                0x0000000020002558                _usbd_qdef_buf
 .bss._used_instruction_space
                0x0000000020002618        0x8 CMakeFiles/wp-dlc.dir/home/rex/pico/pico-sdk/src/rp2_common/hardware_pio/pio.c.obj
 .bss.alarm_callbacks
                0x0000000020002620       0x10 CMakeFiles/wp-dlc.dir/home/rex/pico/pico-sdk/src/rp2_common/hardware_timer/timer.c.obj
 .bss.boot2_copyout
                0x0000000020002630      0x100 CMakeFiles/wp-dlc.dir/home/rex/pico/pico-sdk/src/rp2_common/hardware_flash/flash.c.obj
 .bss.chars_available_callback
                0x0000000020002730        0x4 CMakeFiles/wp-dlc.dir/home/rex/pico/pico-sdk/src/rp2_common/pico_stdio_uart/stdio_uart.c.obj
 .bss.chars_available_callback
                0x0000000020002734        0x4 CMakeFiles/wp-dlc.dir/home/rex/pico/pico-sdk/src/rp2_common/pico_stdio_usb/stdio_usb.c.obj
 .bss.chars_available_param
                0x0000000020002738        0x4 CMakeFiles/wp-dlc.dir/home/rex/pico/pico-sdk/src/rp2_common/pico_stdio_uart/stdio_uart.c.obj
 .bss.chars_available_param
                0x000000002000273c        0x4 CMakeFiles/wp-dlc.dir/home/rex/pico/pico-sdk/src/rp2_common/pico_stdio_usb/stdio_usb.c.obj
 .bss.claimed   0x0000000020002740        0x4 CMakeFiles/wp-dlc.dir/home/rex/pico/pico-sdk/src/rp2_common/hardware_sync/sync.c.obj
 .bss.configured_freq
                0x0000000020002744       0x28 CMakeFiles/wp-dlc.dir/home/rex/pico/pico-sdk/src/rp2_common/hardware_clocks/clocks.c.obj
 .bss.default_alarm_pool_entry_ids_high
                0x000000002000276c       0x10 CMakeFiles/wp-dlc.dir/home/rex/pico/pico-sdk/src/common/pico_time/time.c.obj
 .bss.default_alarm_pool_heap_nodes
                0x000000002000277c       0x30 CMakeFiles/wp-dlc.dir/home/rex/pico/pico-sdk/src/common/pico_time/time.c.obj
 .bss.drivers   0x00000000200027ac        0x4 CMakeFiles/wp-dlc.dir/home/rex/pico/pico-sdk/src/rp2_common/pico_stdio/stdio.c.obj
 .bss.e15_last_sof
                0x00000000200027b0        0x4 CMakeFiles/wp-dlc.dir/home/rex/pico/pico-sdk/lib/tinyusb/src/portable/raspberrypi/rp2040/rp2040_usb.c.obj
                0x00000000200027b0                e15_last_sof
 .bss.filter    0x00000000200027b4        0x4 CMakeFiles/wp-dlc.dir/home/rex/pico/pico-sdk/src/rp2_common/pico_stdio/stdio.c.obj
 .bss.hw_endpoints
                0x00000000200027b8      0x400 CMakeFiles/wp-dlc.dir/home/rex/pico/pico-sdk/lib/tinyusb/src/portable/raspberrypi/rp2040/dcd_rp2040.c.obj
 .bss.lazy_vsnprintf
                0x0000000020002bb8        0x4 CMakeFiles/wp-dlc.dir/home/rex/pico/pico-sdk/src/rp2_common/pico_printf/printf.c.obj
 .bss.next_buffer_ptr
                0x0000000020002bbc        0x4 CMakeFiles/wp-dlc.dir/home/rex/pico/pico-sdk/lib/tinyusb/src/portable/raspberrypi/rp2040/dcd_rp2040.c.obj
 .bss.pools     0x0000000020002bc0       0x10 CMakeFiles/wp-dlc.dir/home/rex/pico/pico-sdk/src/common/pico_time/time.c.obj
 .bss.retrieved_id
                0x0000000020002bd0        0x8 CMakeFiles/wp-dlc.dir/home/rex/pico/pico-sdk/src/rp2_common/pico_unique_id/unique_id.c.obj
 .bss.sf_clz_func
                0x0000000020002bd8        0x4 CMakeFiles/wp-dlc.dir/home/rex/pico/pico-sdk/src/rp2_common/pico_double/double_init_rom.c.obj
                0x0000000020002bd8                sf_clz_func
 .bss.sleep_notifier
                0x0000000020002bdc        0x4 CMakeFiles/wp-dlc.dir/home/rex/pico/pico-sdk/src/common/pico_time/time.c.obj
 .bss.stdio_usb_mutex
                0x0000000020002be0        0x8 CMakeFiles/wp-dlc.dir/home/rex/pico/pico-sdk/src/rp2_common/pico_stdio_usb/stdio_usb.c.obj
 .bss.target_hi
                0x0000000020002be8       0x10 CMakeFiles/wp-dlc.dir/home/rex/pico/pico-sdk/src/rp2_common/hardware_timer/timer.c.obj
 .bss.uart_char_to_line_feed
                0x0000000020002bf8        0x4 CMakeFiles/wp-dlc.dir/home/rex/pico/pico-sdk/src/rp2_common/hardware_uart/uart.c.obj
                0x0000000020002bf8                uart_char_to_line_feed
 .bss.uart_instance
                0x0000000020002bfc        0x4 CMakeFiles/wp-dlc.dir/home/rex/pico/pico-sdk/src/rp2_common/pico_stdio_uart/stdio_uart.c.obj
 .bss.currentLampId
                0x0000000020002c00        0x2 CMakeFiles/wp-dlc.dir/Lighting/LampArray.c.obj
 .bss._app_driver_count
                0x0000000020002c02        0x1 CMakeFiles/wp-dlc.dir/home/rex/pico/pico-sdk/lib/tinyusb/src/device/usbd.c.obj
 .bss._sof_enable
                0x0000000020002c03        0x1 CMakeFiles/wp-dlc.dir/home/rex/pico/pico-sdk/lib/tinyusb/src/portable/raspberrypi/rp2040/dcd_rp2040.c.obj
 .bss.boot2_copyout_valid
                0x0000000020002c04        0x1 CMakeFiles/wp-dlc.dir/home/rex/pico/pico-sdk/src/rp2_common/hardware_flash/flash.c.obj
 .bss.claimed   0x0000000020002c05        0x1 CMakeFiles/wp-dlc.dir/home/rex/pico/pico-sdk/src/rp2_common/hardware_timer/timer.c.obj
 .bss.claimed   0x0000000020002c06        0x1 CMakeFiles/wp-dlc.dir/home/rex/pico/pico-sdk/src/rp2_common/hardware_pio/pio.c.obj
 .bss.irq_hander_chain_free_slot_head
                0x0000000020002c07        0x1 CMakeFiles/wp-dlc.dir/home/rex/pico/pico-sdk/src/rp2_common/hardware_irq/irq.c.obj
 .bss.t.0       0x0000000020002c08        0x1 CMakeFiles/wp-dlc.dir/Lighting/Neopixel.c.obj
 .bss.timer_callbacks_pending
                0x0000000020002c09        0x1 CMakeFiles/wp-dlc.dir/home/rex/pico/pico-sdk/src/rp2_common/hardware_timer/timer.c.obj
 *(COMMON)
                0x0000000020002c0c                . = ALIGN (0x4)
 *fill*         0x0000000020002c0a        0x2 
                0x0000000020002c0c                __bss_end__ = .

.heap           0x0000000020002c0c      0x800
                0x0000000020002c0c                __end__ = .
                0x0000000020002c0c                end = __end__
 *(.heap*)
 .heap          0x0000000020002c0c      0x800 CMakeFiles/wp-dlc.dir/home/rex/pico/pico-sdk/src/rp2_common/pico_standard_link/crt0.S.obj
                0x000000002000340c                __HeapLimit = .

.stack1_dummy   0x0000000020040000      0x800
 *(.stack1*)
 .stack1        0x0000000020040000      0x800 CMakeFiles/wp-dlc.dir/home/rex/pico/pico-sdk/src/rp2_common/pico_multicore/multicore.c.obj

.stack_dummy    0x0000000020041000      0x800
 *(.stack*)
 .stack         0x0000000020041000      0x800 CMakeFiles/wp-dlc.dir/home/rex/pico/pico-sdk/src/rp2_common/pico_standard_link/crt0.S.obj

.flash_end      0x00000000100098fc        0x0
                0x00000000100098fc                PROVIDE (__flash_binary_end = .)
                0x0000000020040000                __StackLimit = (ORIGIN (RAM) + LENGTH (RAM))
                0x0000000020041000                __StackOneTop = (ORIGIN (SCRATCH_X) + LENGTH (SCRATCH_X))
                0x0000000020042000                __StackTop = (ORIGIN (SCRATCH_Y) + LENGTH (SCRATCH_Y))
                0x0000000020040800                __StackOneBottom = (__StackOneTop - SIZEOF (.stack1_dummy))
                0x0000000020041800                __StackBottom = (__StackTop - SIZEOF (.stack_dummy))
                0x0000000020042000                PROVIDE (__stack = __StackTop)
                0x0000000000000001                ASSERT ((__StackLimit >= __HeapLimit), region RAM overflowed)
                0x0000000000000001                ASSERT (((__binary_info_header_end - __logical_binary_start) <= 0x100), Binary info must be in first 256 bytes of the binary)
LOAD CMakeFiles/wp-dlc.dir/wp-dlc.c.obj
LOAD CMakeFiles/wp-dlc.dir/usb_descriptors.c.obj
LOAD CMakeFiles/wp-dlc.dir/Lighting/Neopixel.c.obj
LOAD CMakeFiles/wp-dlc.dir/Lighting/LampArray.c.obj
LOAD CMakeFiles/wp-dlc.dir/home/rex/pico/pico-sdk/src/rp2_common/pico_stdlib/stdlib.c.obj
LOAD CMakeFiles/wp-dlc.dir/home/rex/pico/pico-sdk/src/rp2_common/hardware_gpio/gpio.c.obj
LOAD CMakeFiles/wp-dlc.dir/home/rex/pico/pico-sdk/src/rp2_common/pico_platform/platform.c.obj
LOAD CMakeFiles/wp-dlc.dir/home/rex/pico/pico-sdk/src/rp2_common/hardware_claim/claim.c.obj
LOAD CMakeFiles/wp-dlc.dir/home/rex/pico/pico-sdk/src/rp2_common/hardware_sync/sync.c.obj
LOAD CMakeFiles/wp-dlc.dir/home/rex/pico/pico-sdk/src/rp2_common/hardware_irq/irq.c.obj
LOAD CMakeFiles/wp-dlc.dir/home/rex/pico/pico-sdk/src/rp2_common/hardware_irq/irq_handler_chain.S.obj
LOAD CMakeFiles/wp-dlc.dir/home/rex/pico/pico-sdk/src/common/pico_sync/sem.c.obj
LOAD CMakeFiles/wp-dlc.dir/home/rex/pico/pico-sdk/src/common/pico_sync/lock_core.c.obj
LOAD CMakeFiles/wp-dlc.dir/home/rex/pico/pico-sdk/src/common/pico_sync/mutex.c.obj
LOAD CMakeFiles/wp-dlc.dir/home/rex/pico/pico-sdk/src/common/pico_sync/critical_section.c.obj
LOAD CMakeFiles/wp-dlc.dir/home/rex/pico/pico-sdk/src/common/pico_time/time.c.obj
LOAD CMakeFiles/wp-dlc.dir/home/rex/pico/pico-sdk/src/common/pico_time/timeout_helper.c.obj
LOAD CMakeFiles/wp-dlc.dir/home/rex/pico/pico-sdk/src/rp2_common/hardware_timer/timer.c.obj
LOAD CMakeFiles/wp-dlc.dir/home/rex/pico/pico-sdk/src/common/pico_util/datetime.c.obj
LOAD CMakeFiles/wp-dlc.dir/home/rex/pico/pico-sdk/src/common/pico_util/pheap.c.obj
LOAD CMakeFiles/wp-dlc.dir/home/rex/pico/pico-sdk/src/common/pico_util/queue.c.obj
LOAD CMakeFiles/wp-dlc.dir/home/rex/pico/pico-sdk/src/rp2_common/hardware_uart/uart.c.obj
LOAD CMakeFiles/wp-dlc.dir/home/rex/pico/pico-sdk/src/rp2_common/hardware_clocks/clocks.c.obj
LOAD CMakeFiles/wp-dlc.dir/home/rex/pico/pico-sdk/src/rp2_common/hardware_pll/pll.c.obj
LOAD CMakeFiles/wp-dlc.dir/home/rex/pico/pico-sdk/src/rp2_common/hardware_vreg/vreg.c.obj
LOAD CMakeFiles/wp-dlc.dir/home/rex/pico/pico-sdk/src/rp2_common/hardware_watchdog/watchdog.c.obj
LOAD CMakeFiles/wp-dlc.dir/home/rex/pico/pico-sdk/src/rp2_common/hardware_xosc/xosc.c.obj
LOAD CMakeFiles/wp-dlc.dir/home/rex/pico/pico-sdk/src/rp2_common/hardware_divider/divider.S.obj
LOAD CMakeFiles/wp-dlc.dir/home/rex/pico/pico-sdk/src/rp2_common/pico_runtime/runtime.c.obj
LOAD CMakeFiles/wp-dlc.dir/home/rex/pico/pico-sdk/src/rp2_common/pico_printf/printf.c.obj
LOAD CMakeFiles/wp-dlc.dir/home/rex/pico/pico-sdk/src/rp2_common/pico_bit_ops/bit_ops_aeabi.S.obj
LOAD CMakeFiles/wp-dlc.dir/home/rex/pico/pico-sdk/src/rp2_common/pico_bootrom/bootrom.c.obj
LOAD CMakeFiles/wp-dlc.dir/home/rex/pico/pico-sdk/src/rp2_common/pico_divider/divider.S.obj
LOAD CMakeFiles/wp-dlc.dir/home/rex/pico/pico-sdk/src/rp2_common/pico_double/double_aeabi.S.obj
LOAD CMakeFiles/wp-dlc.dir/home/rex/pico/pico-sdk/src/rp2_common/pico_double/double_init_rom.c.obj
LOAD CMakeFiles/wp-dlc.dir/home/rex/pico/pico-sdk/src/rp2_common/pico_double/double_math.c.obj
LOAD CMakeFiles/wp-dlc.dir/home/rex/pico/pico-sdk/src/rp2_common/pico_double/double_v1_rom_shim.S.obj
LOAD CMakeFiles/wp-dlc.dir/home/rex/pico/pico-sdk/src/rp2_common/pico_int64_ops/pico_int64_ops_aeabi.S.obj
LOAD CMakeFiles/wp-dlc.dir/home/rex/pico/pico-sdk/src/rp2_common/pico_float/float_aeabi.S.obj
LOAD CMakeFiles/wp-dlc.dir/home/rex/pico/pico-sdk/src/rp2_common/pico_float/float_init_rom.c.obj
LOAD CMakeFiles/wp-dlc.dir/home/rex/pico/pico-sdk/src/rp2_common/pico_float/float_math.c.obj
LOAD CMakeFiles/wp-dlc.dir/home/rex/pico/pico-sdk/src/rp2_common/pico_float/float_v1_rom_shim.S.obj
LOAD CMakeFiles/wp-dlc.dir/home/rex/pico/pico-sdk/src/rp2_common/pico_malloc/pico_malloc.c.obj
LOAD CMakeFiles/wp-dlc.dir/home/rex/pico/pico-sdk/src/rp2_common/pico_mem_ops/mem_ops_aeabi.S.obj
LOAD CMakeFiles/wp-dlc.dir/home/rex/pico/pico-sdk/src/rp2_common/pico_standard_link/crt0.S.obj
LOAD CMakeFiles/wp-dlc.dir/home/rex/pico/pico-sdk/src/rp2_common/pico_standard_link/new_delete.cpp.obj
LOAD CMakeFiles/wp-dlc.dir/home/rex/pico/pico-sdk/src/rp2_common/pico_standard_link/binary_info.c.obj
LOAD CMakeFiles/wp-dlc.dir/home/rex/pico/pico-sdk/src/rp2_common/pico_stdio/stdio.c.obj
LOAD CMakeFiles/wp-dlc.dir/home/rex/pico/pico-sdk/src/rp2_common/pico_stdio_uart/stdio_uart.c.obj
LOAD CMakeFiles/wp-dlc.dir/home/rex/pico/pico-sdk/src/rp2_common/pico_stdio_usb/reset_interface.c.obj
LOAD CMakeFiles/wp-dlc.dir/home/rex/pico/pico-sdk/src/rp2_common/pico_stdio_usb/stdio_usb.c.obj
LOAD CMakeFiles/wp-dlc.dir/home/rex/pico/pico-sdk/src/rp2_common/pico_stdio_usb/stdio_usb_descriptors.c.obj
LOAD CMakeFiles/wp-dlc.dir/home/rex/pico/pico-sdk/src/rp2_common/pico_unique_id/unique_id.c.obj
LOAD CMakeFiles/wp-dlc.dir/home/rex/pico/pico-sdk/src/rp2_common/hardware_flash/flash.c.obj
LOAD CMakeFiles/wp-dlc.dir/home/rex/pico/pico-sdk/lib/tinyusb/src/portable/raspberrypi/rp2040/dcd_rp2040.c.obj
LOAD CMakeFiles/wp-dlc.dir/home/rex/pico/pico-sdk/lib/tinyusb/src/portable/raspberrypi/rp2040/rp2040_usb.c.obj
LOAD CMakeFiles/wp-dlc.dir/home/rex/pico/pico-sdk/lib/tinyusb/src/device/usbd.c.obj
LOAD CMakeFiles/wp-dlc.dir/home/rex/pico/pico-sdk/lib/tinyusb/src/device/usbd_control.c.obj
LOAD CMakeFiles/wp-dlc.dir/home/rex/pico/pico-sdk/lib/tinyusb/src/class/audio/audio_device.c.obj
LOAD CMakeFiles/wp-dlc.dir/home/rex/pico/pico-sdk/lib/tinyusb/src/class/cdc/cdc_device.c.obj
LOAD CMakeFiles/wp-dlc.dir/home/rex/pico/pico-sdk/lib/tinyusb/src/class/dfu/dfu_device.c.obj
LOAD CMakeFiles/wp-dlc.dir/home/rex/pico/pico-sdk/lib/tinyusb/src/class/dfu/dfu_rt_device.c.obj
LOAD CMakeFiles/wp-dlc.dir/home/rex/pico/pico-sdk/lib/tinyusb/src/class/hid/hid_device.c.obj
LOAD CMakeFiles/wp-dlc.dir/home/rex/pico/pico-sdk/lib/tinyusb/src/class/midi/midi_device.c.obj
LOAD CMakeFiles/wp-dlc.dir/home/rex/pico/pico-sdk/lib/tinyusb/src/class/msc/msc_device.c.obj
LOAD CMakeFiles/wp-dlc.dir/home/rex/pico/pico-sdk/lib/tinyusb/src/class/net/ecm_rndis_device.c.obj
LOAD CMakeFiles/wp-dlc.dir/home/rex/pico/pico-sdk/lib/tinyusb/src/class/net/ncm_device.c.obj
LOAD CMakeFiles/wp-dlc.dir/home/rex/pico/pico-sdk/lib/tinyusb/src/class/usbtmc/usbtmc_device.c.obj
LOAD CMakeFiles/wp-dlc.dir/home/rex/pico/pico-sdk/lib/tinyusb/src/class/vendor/vendor_device.c.obj
LOAD CMakeFiles/wp-dlc.dir/home/rex/pico/pico-sdk/lib/tinyusb/src/class/video/video_device.c.obj
LOAD CMakeFiles/wp-dlc.dir/home/rex/pico/pico-sdk/lib/tinyusb/src/tusb.c.obj
LOAD CMakeFiles/wp-dlc.dir/home/rex/pico/pico-sdk/lib/tinyusb/src/common/tusb_fifo.c.obj
LOAD CMakeFiles/wp-dlc.dir/home/rex/pico/pico-sdk/src/rp2_common/pico_fix/rp2040_usb_device_enumeration/rp2040_usb_device_enumeration.c.obj
LOAD CMakeFiles/wp-dlc.dir/home/rex/pico/pico-sdk/src/rp2_common/pico_multicore/multicore.c.obj
LOAD CMakeFiles/wp-dlc.dir/home/rex/pico/pico-sdk/src/rp2_common/hardware_pio/pio.c.obj
LOAD CMakeFiles/wp-dlc.dir/home/rex/pico/pico-sdk/lib/tinyusb/hw/bsp/rp2040/family.c.obj
LOAD /tmp/ccPaG1oS.o
LOAD /usr/lib/gcc/arm-none-eabi/10.3.1/../../../arm-none-eabi/lib/thumb/v6-m/nofp/libstdc++.a
LOAD /usr/lib/gcc/arm-none-eabi/10.3.1/../../../arm-none-eabi/lib/thumb/v6-m/nofp/libm.a
START GROUP
LOAD /usr/lib/gcc/arm-none-eabi/10.3.1/thumb/v6-m/nofp/libgcc.a
LOAD /usr/lib/gcc/arm-none-eabi/10.3.1/../../../arm-none-eabi/lib/thumb/v6-m/nofp/libc.a
END GROUP
START GROUP
LOAD /usr/lib/gcc/arm-none-eabi/10.3.1/thumb/v6-m/nofp/libgcc.a
LOAD /usr/lib/gcc/arm-none-eabi/10.3.1/../../../arm-none-eabi/lib/thumb/v6-m/nofp/libc.a
LOAD /usr/lib/gcc/arm-none-eabi/10.3.1/../../../arm-none-eabi/lib/thumb/v6-m/nofp/libnosys.a
END GROUP
LOAD /usr/lib/gcc/arm-none-eabi/10.3.1/thumb/v6-m/nofp/crtend.o
LOAD /usr/lib/gcc/arm-none-eabi/10.3.1/thumb/v6-m/nofp/crtn.o
OUTPUT(wp-dlc.elf elf32-littlearm)
LOAD linker stubs

.ARM.attributes
                0x0000000000000000       0x28
 .ARM.attributes
                0x0000000000000000       0x1e /usr/lib/gcc/arm-none-eabi/10.3.1/thumb/v6-m/nofp/crti.o
 .ARM.attributes
                0x000000000000001e       0x2c /usr/lib/gcc/arm-none-eabi/10.3.1/thumb/v6-m/nofp/crtbegin.o
 .ARM.attributes
                0x000000000000004a       0x2c CMakeFiles/wp-dlc.dir/wp-dlc.c.obj
 .ARM.attributes
                0x0000000000000076       0x2c CMakeFiles/wp-dlc.dir/usb_descriptors.c.obj
 .ARM.attributes
                0x00000000000000a2       0x2c CMakeFiles/wp-dlc.dir/Lighting/Neopixel.c.obj
 .ARM.attributes
                0x00000000000000ce       0x2c CMakeFiles/wp-dlc.dir/Lighting/LampArray.c.obj
 .ARM.attributes
                0x00000000000000fa       0x2c CMakeFiles/wp-dlc.dir/home/rex/pico/pico-sdk/src/rp2_common/hardware_gpio/gpio.c.obj
 .ARM.attributes
                0x0000000000000126       0x2c CMakeFiles/wp-dlc.dir/home/rex/pico/pico-sdk/src/rp2_common/pico_platform/platform.c.obj
 .ARM.attributes
                0x0000000000000152       0x2c CMakeFiles/wp-dlc.dir/home/rex/pico/pico-sdk/src/rp2_common/hardware_claim/claim.c.obj
 .ARM.attributes
                0x000000000000017e       0x2c CMakeFiles/wp-dlc.dir/home/rex/pico/pico-sdk/src/rp2_common/hardware_sync/sync.c.obj
 .ARM.attributes
                0x00000000000001aa       0x2c CMakeFiles/wp-dlc.dir/home/rex/pico/pico-sdk/src/rp2_common/hardware_irq/irq.c.obj
 .ARM.attributes
                0x00000000000001d6       0x22 CMakeFiles/wp-dlc.dir/home/rex/pico/pico-sdk/src/rp2_common/hardware_irq/irq_handler_chain.S.obj
 .ARM.attributes
                0x00000000000001f8       0x2c CMakeFiles/wp-dlc.dir/home/rex/pico/pico-sdk/src/common/pico_sync/lock_core.c.obj
 .ARM.attributes
                0x0000000000000224       0x2c CMakeFiles/wp-dlc.dir/home/rex/pico/pico-sdk/src/common/pico_sync/mutex.c.obj
 .ARM.attributes
                0x0000000000000250       0x2c CMakeFiles/wp-dlc.dir/home/rex/pico/pico-sdk/src/common/pico_sync/critical_section.c.obj
 .ARM.attributes
                0x000000000000027c       0x2c CMakeFiles/wp-dlc.dir/home/rex/pico/pico-sdk/src/common/pico_time/time.c.obj
 .ARM.attributes
                0x00000000000002a8       0x2c CMakeFiles/wp-dlc.dir/home/rex/pico/pico-sdk/src/rp2_common/hardware_timer/timer.c.obj
 .ARM.attributes
                0x00000000000002d4       0x2c CMakeFiles/wp-dlc.dir/home/rex/pico/pico-sdk/src/common/pico_util/pheap.c.obj
 .ARM.attributes
                0x0000000000000300       0x2c CMakeFiles/wp-dlc.dir/home/rex/pico/pico-sdk/src/rp2_common/hardware_uart/uart.c.obj
 .ARM.attributes
                0x000000000000032c       0x2c CMakeFiles/wp-dlc.dir/home/rex/pico/pico-sdk/src/rp2_common/hardware_clocks/clocks.c.obj
 .ARM.attributes
                0x0000000000000358       0x2c CMakeFiles/wp-dlc.dir/home/rex/pico/pico-sdk/src/rp2_common/hardware_pll/pll.c.obj
 .ARM.attributes
                0x0000000000000384       0x2c CMakeFiles/wp-dlc.dir/home/rex/pico/pico-sdk/src/rp2_common/hardware_watchdog/watchdog.c.obj
 .ARM.attributes
                0x00000000000003b0       0x2c CMakeFiles/wp-dlc.dir/home/rex/pico/pico-sdk/src/rp2_common/hardware_xosc/xosc.c.obj
 .ARM.attributes
                0x00000000000003dc       0x2c CMakeFiles/wp-dlc.dir/home/rex/pico/pico-sdk/src/rp2_common/pico_runtime/runtime.c.obj
 .ARM.attributes
                0x0000000000000408       0x2c CMakeFiles/wp-dlc.dir/home/rex/pico/pico-sdk/src/rp2_common/pico_printf/printf.c.obj
 .ARM.attributes
                0x0000000000000434       0x22 CMakeFiles/wp-dlc.dir/home/rex/pico/pico-sdk/src/rp2_common/pico_bit_ops/bit_ops_aeabi.S.obj
 .ARM.attributes
                0x0000000000000456       0x2c CMakeFiles/wp-dlc.dir/home/rex/pico/pico-sdk/src/rp2_common/pico_bootrom/bootrom.c.obj
 .ARM.attributes
                0x0000000000000482       0x22 CMakeFiles/wp-dlc.dir/home/rex/pico/pico-sdk/src/rp2_common/pico_divider/divider.S.obj
 .ARM.attributes
                0x00000000000004a4       0x22 CMakeFiles/wp-dlc.dir/home/rex/pico/pico-sdk/src/rp2_common/pico_double/double_aeabi.S.obj
 .ARM.attributes
                0x00000000000004c6       0x2c CMakeFiles/wp-dlc.dir/home/rex/pico/pico-sdk/src/rp2_common/pico_double/double_init_rom.c.obj
 .ARM.attributes
                0x00000000000004f2       0x22 CMakeFiles/wp-dlc.dir/home/rex/pico/pico-sdk/src/rp2_common/pico_double/double_v1_rom_shim.S.obj
 .ARM.attributes
                0x0000000000000514       0x22 CMakeFiles/wp-dlc.dir/home/rex/pico/pico-sdk/src/rp2_common/pico_int64_ops/pico_int64_ops_aeabi.S.obj
 .ARM.attributes
                0x0000000000000536       0x22 CMakeFiles/wp-dlc.dir/home/rex/pico/pico-sdk/src/rp2_common/pico_float/float_aeabi.S.obj
 .ARM.attributes
                0x0000000000000558       0x2c CMakeFiles/wp-dlc.dir/home/rex/pico/pico-sdk/src/rp2_common/pico_float/float_init_rom.c.obj
 .ARM.attributes
                0x0000000000000584       0x22 CMakeFiles/wp-dlc.dir/home/rex/pico/pico-sdk/src/rp2_common/pico_float/float_v1_rom_shim.S.obj
 .ARM.attributes
                0x00000000000005a6       0x2c CMakeFiles/wp-dlc.dir/home/rex/pico/pico-sdk/src/rp2_common/pico_malloc/pico_malloc.c.obj
 .ARM.attributes
                0x00000000000005d2       0x22 CMakeFiles/wp-dlc.dir/home/rex/pico/pico-sdk/src/rp2_common/pico_mem_ops/mem_ops_aeabi.S.obj
 .ARM.attributes
                0x00000000000005f4       0x22 CMakeFiles/wp-dlc.dir/home/rex/pico/pico-sdk/src/rp2_common/pico_standard_link/crt0.S.obj
 .ARM.attributes
                0x0000000000000616       0x32 CMakeFiles/wp-dlc.dir/home/rex/pico/pico-sdk/src/rp2_common/pico_standard_link/binary_info.c.obj
 .ARM.attributes
                0x0000000000000648       0x2c CMakeFiles/wp-dlc.dir/home/rex/pico/pico-sdk/src/rp2_common/pico_stdio/stdio.c.obj
 .ARM.attributes
                0x0000000000000674       0x2c CMakeFiles/wp-dlc.dir/home/rex/pico/pico-sdk/src/rp2_common/pico_stdio_uart/stdio_uart.c.obj
 .ARM.attributes
                0x00000000000006a0       0x2c CMakeFiles/wp-dlc.dir/home/rex/pico/pico-sdk/src/rp2_common/pico_stdio_usb/stdio_usb.c.obj
 .ARM.attributes
                0x00000000000006cc       0x2c CMakeFiles/wp-dlc.dir/home/rex/pico/pico-sdk/src/rp2_common/pico_unique_id/unique_id.c.obj
 .ARM.attributes
                0x00000000000006f8       0x2c CMakeFiles/wp-dlc.dir/home/rex/pico/pico-sdk/src/rp2_common/hardware_flash/flash.c.obj
 .ARM.attributes
                0x0000000000000724       0x2c CMakeFiles/wp-dlc.dir/home/rex/pico/pico-sdk/lib/tinyusb/src/portable/raspberrypi/rp2040/dcd_rp2040.c.obj
 .ARM.attributes
                0x0000000000000750       0x2c CMakeFiles/wp-dlc.dir/home/rex/pico/pico-sdk/lib/tinyusb/src/portable/raspberrypi/rp2040/rp2040_usb.c.obj
 .ARM.attributes